Archive member included because of file (symbol)

c:/infineon/tools/dave ide/4.5.0.202105191637/eclipse/arm-gcc-49/bin/../lib/gcc/arm-none-eabi/4.9.3/armv6-m\libgcc.a(_udivsi3.o)
                              ./Startup/system_XMC1100.o (__aeabi_uidiv)
c:/infineon/tools/dave ide/4.5.0.202105191637/eclipse/arm-gcc-49/bin/../lib/gcc/arm-none-eabi/4.9.3/armv6-m\libgcc.a(_divsi3.o)
                              ./Libraries/XMCLib/src/xmc1_scu.o (__aeabi_idiv)
c:/infineon/tools/dave ide/4.5.0.202105191637/eclipse/arm-gcc-49/bin/../lib/gcc/arm-none-eabi/4.9.3/armv6-m\libgcc.a(_dvmd_tls.o)
                              c:/infineon/tools/dave ide/4.5.0.202105191637/eclipse/arm-gcc-49/bin/../lib/gcc/arm-none-eabi/4.9.3/armv6-m\libgcc.a(_udivsi3.o) (__aeabi_idiv0)
c:/infineon/tools/dave ide/4.5.0.202105191637/eclipse/arm-gcc-49/bin/../lib/gcc/arm-none-eabi/4.9.3/armv6-m\libgcc.a(_aeabi_uldivmod.o)
                              ./Dave/Generated/TIMER/timer.o (__aeabi_uldivmod)
c:/infineon/tools/dave ide/4.5.0.202105191637/eclipse/arm-gcc-49/bin/../lib/gcc/arm-none-eabi/4.9.3/armv6-m\libgcc.a(_muldi3.o)
                              ./Dave/Generated/TIMER/timer.o (__aeabi_lmul)
c:/infineon/tools/dave ide/4.5.0.202105191637/eclipse/arm-gcc-49/bin/../lib/gcc/arm-none-eabi/4.9.3/armv6-m\libgcc.a(_fixunssfsi.o)
                              ./Libraries/XMCLib/src/xmc_usic.o (__aeabi_f2uiz)
c:/infineon/tools/dave ide/4.5.0.202105191637/eclipse/arm-gcc-49/bin/../lib/gcc/arm-none-eabi/4.9.3/armv6-m\libgcc.a(bpabi.o)
                              c:/infineon/tools/dave ide/4.5.0.202105191637/eclipse/arm-gcc-49/bin/../lib/gcc/arm-none-eabi/4.9.3/armv6-m\libgcc.a(_aeabi_uldivmod.o) (__gnu_uldivmod_helper)
c:/infineon/tools/dave ide/4.5.0.202105191637/eclipse/arm-gcc-49/bin/../lib/gcc/arm-none-eabi/4.9.3/armv6-m\libgcc.a(divsf3.o)
                              ./Libraries/XMCLib/src/xmc_usic.o (__aeabi_fdiv)
c:/infineon/tools/dave ide/4.5.0.202105191637/eclipse/arm-gcc-49/bin/../lib/gcc/arm-none-eabi/4.9.3/armv6-m\libgcc.a(mulsf3.o)
                              ./Libraries/XMCLib/src/xmc_usic.o (__aeabi_fmul)
c:/infineon/tools/dave ide/4.5.0.202105191637/eclipse/arm-gcc-49/bin/../lib/gcc/arm-none-eabi/4.9.3/armv6-m\libgcc.a(subsf3.o)
                              c:/infineon/tools/dave ide/4.5.0.202105191637/eclipse/arm-gcc-49/bin/../lib/gcc/arm-none-eabi/4.9.3/armv6-m\libgcc.a(_fixunssfsi.o) (__aeabi_fsub)
c:/infineon/tools/dave ide/4.5.0.202105191637/eclipse/arm-gcc-49/bin/../lib/gcc/arm-none-eabi/4.9.3/armv6-m\libgcc.a(fixsfsi.o)
                              c:/infineon/tools/dave ide/4.5.0.202105191637/eclipse/arm-gcc-49/bin/../lib/gcc/arm-none-eabi/4.9.3/armv6-m\libgcc.a(_fixunssfsi.o) (__aeabi_f2iz)
c:/infineon/tools/dave ide/4.5.0.202105191637/eclipse/arm-gcc-49/bin/../lib/gcc/arm-none-eabi/4.9.3/armv6-m\libgcc.a(floatunsisf.o)
                              ./Libraries/XMCLib/src/xmc_usic.o (__aeabi_ui2f)
c:/infineon/tools/dave ide/4.5.0.202105191637/eclipse/arm-gcc-49/bin/../lib/gcc/arm-none-eabi/4.9.3/armv6-m\libgcc.a(_arm_cmpsf2.o)
                              c:/infineon/tools/dave ide/4.5.0.202105191637/eclipse/arm-gcc-49/bin/../lib/gcc/arm-none-eabi/4.9.3/armv6-m\libgcc.a(_fixunssfsi.o) (__aeabi_fcmpge)
c:/infineon/tools/dave ide/4.5.0.202105191637/eclipse/arm-gcc-49/bin/../lib/gcc/arm-none-eabi/4.9.3/armv6-m\libgcc.a(_clzsi2.o)
                              c:/infineon/tools/dave ide/4.5.0.202105191637/eclipse/arm-gcc-49/bin/../lib/gcc/arm-none-eabi/4.9.3/armv6-m\libgcc.a(divsf3.o) (__clzsi2)
c:/infineon/tools/dave ide/4.5.0.202105191637/eclipse/arm-gcc-49/bin/../lib/gcc/arm-none-eabi/4.9.3/armv6-m\libgcc.a(_divdi3.o)
                              c:/infineon/tools/dave ide/4.5.0.202105191637/eclipse/arm-gcc-49/bin/../lib/gcc/arm-none-eabi/4.9.3/armv6-m\libgcc.a(bpabi.o) (__divdi3)
c:/infineon/tools/dave ide/4.5.0.202105191637/eclipse/arm-gcc-49/bin/../lib/gcc/arm-none-eabi/4.9.3/armv6-m\libgcc.a(_udivdi3.o)
                              c:/infineon/tools/dave ide/4.5.0.202105191637/eclipse/arm-gcc-49/bin/../lib/gcc/arm-none-eabi/4.9.3/armv6-m\libgcc.a(bpabi.o) (__udivdi3)
c:/infineon/tools/dave ide/4.5.0.202105191637/eclipse/arm-gcc-49/bin/../lib/gcc/arm-none-eabi/4.9.3/armv6-m\libgcc.a(eqsf2.o)
                              c:/infineon/tools/dave ide/4.5.0.202105191637/eclipse/arm-gcc-49/bin/../lib/gcc/arm-none-eabi/4.9.3/armv6-m\libgcc.a(_arm_cmpsf2.o) (__eqsf2)
c:/infineon/tools/dave ide/4.5.0.202105191637/eclipse/arm-gcc-49/bin/../lib/gcc/arm-none-eabi/4.9.3/armv6-m\libgcc.a(gesf2.o)
                              c:/infineon/tools/dave ide/4.5.0.202105191637/eclipse/arm-gcc-49/bin/../lib/gcc/arm-none-eabi/4.9.3/armv6-m\libgcc.a(_arm_cmpsf2.o) (__gesf2)
c:/infineon/tools/dave ide/4.5.0.202105191637/eclipse/arm-gcc-49/bin/../lib/gcc/arm-none-eabi/4.9.3/armv6-m\libgcc.a(lesf2.o)
[...]
Memory Configuration

Name             Origin             Length             Attributes
FLASH            0x10001000         0x00010000         xr
SRAM             0x20000000         0x00004000         !xr
*default*        0x00000000         0xffffffff

Linker script and memory map

LOAD ./Startup/startup_XMC1100.o
LOAD ./Startup/system_XMC1100.o
LOAD ./Libraries/XMCLib/src/xmc1_eru.o
LOAD ./Libraries/XMCLib/src/xmc1_flash.o
LOAD ./Libraries/XMCLib/src/xmc1_gpio.o
LOAD ./Libraries/XMCLib/src/xmc1_rtc.o
LOAD ./Libraries/XMCLib/src/xmc1_scu.o
LOAD ./Libraries/XMCLib/src/xmc_acmp.o
LOAD ./Libraries/XMCLib/src/xmc_bccu.o
LOAD ./Libraries/XMCLib/src/xmc_can.o
LOAD ./Libraries/XMCLib/src/xmc_ccu4.o
LOAD ./Libraries/XMCLib/src/xmc_ccu8.o
LOAD ./Libraries/XMCLib/src/xmc_common.o
LOAD ./Libraries/XMCLib/src/xmc_eru.o
LOAD ./Libraries/XMCLib/src/xmc_gpio.o
LOAD ./Libraries/XMCLib/src/xmc_i2c.o
LOAD ./Libraries/XMCLib/src/xmc_i2s.o
LOAD ./Libraries/XMCLib/src/xmc_ledts.o
LOAD ./Libraries/XMCLib/src/xmc_math.o
LOAD ./Libraries/XMCLib/src/xmc_pau.o
LOAD ./Libraries/XMCLib/src/xmc_posif.o
LOAD ./Libraries/XMCLib/src/xmc_prng.o
LOAD ./Libraries/XMCLib/src/xmc_rtc.o
LOAD ./Libraries/XMCLib/src/xmc_spi.o
LOAD ./Libraries/XMCLib/src/xmc_uart.o
LOAD ./Libraries/XMCLib/src/xmc_usic.o
LOAD ./Libraries/XMCLib/src/xmc_vadc.o
LOAD ./Libraries/XMCLib/src/xmc_wdt.o
LOAD ./Libraries/Newlib/syscalls.o
LOAD ./Dave/Generated/UART/uart.o
LOAD ./Dave/Generated/UART/uart_conf.o
LOAD ./Dave/Generated/TIMER/timer.o
LOAD ./Dave/Generated/TIMER/timer_conf.o
LOAD ./Dave/Generated/PWM/pwm.o
LOAD ./Dave/Generated/PWM/pwm_conf.o
LOAD ./Dave/Generated/INTERRUPT/interrupt.o
LOAD ./Dave/Generated/INTERRUPT/interrupt_conf.o
LOAD ./Dave/Generated/GLOBAL_CCU4/global_ccu4.o
LOAD ./Dave/Generated/GLOBAL_CCU4/global_ccu4_conf.o
LOAD ./Dave/Generated/FREERTOS/portable/Keil/port.o
LOAD ./Dave/Generated/FREERTOS/portable/IAR/port.o
LOAD ./Dave/Generated/FREERTOS/portable/IAR/portasm.o
LOAD ./Dave/Generated/FREERTOS/portable/GCC/port.o
LOAD ./Dave/Generated/FREERTOS/croutine.o
LOAD ./Dave/Generated/FREERTOS/event_groups.o
LOAD ./Dave/Generated/FREERTOS/freertos.o
LOAD ./Dave/Generated/FREERTOS/heap.o
LOAD ./Dave/Generated/FREERTOS/list.o
LOAD ./Dave/Generated/FREERTOS/mpu_wrappers.o
LOAD ./Dave/Generated/FREERTOS/queue.o
LOAD ./Dave/Generated/FREERTOS/stream_buffer.o
LOAD ./Dave/Generated/FREERTOS/tasks.o
LOAD ./Dave/Generated/FREERTOS/timers.o
LOAD ./Dave/Generated/DIGITAL_IO/digital_io.o
LOAD ./Dave/Generated/DIGITAL_IO/digital_io_conf.o
LOAD ./Dave/Generated/CPU_CTRL_XMC1/cpu_ctrl_xmc1.o
LOAD ./Dave/Generated/CPU_CTRL_XMC1/cpu_ctrl_xmc1_conf.o
LOAD ./Dave/Generated/CLOCK_XMC1/clock_xmc1.o
LOAD ./Dave/Generated/CLOCK_XMC1/clock_xmc1_conf.o
LOAD ./Dave/Generated/DAVE.o
LOAD ./main.o
LOAD c:/infineon/tools/dave ide/4.5.0.202105191637/eclipse/arm-gcc-49/bin/../lib/gcc/arm-none-eabi/4.9.3/../../../../arm-none-eabi/lib/armv6-m\libm.a
START GROUP
LOAD c:/infineon/tools/dave ide/4.5.0.202105191637/eclipse/arm-gcc-49/bin/../lib/gcc/arm-none-eabi/4.9.3/armv6-m\libgcc.a
LOAD c:/infineon/tools/dave ide/4.5.0.202105191637/eclipse/arm-gcc-49/bin/../lib/gcc/arm-none-eabi/4.9.3/../../../../arm-none-eabi/lib/armv6-m\libg_nano.a
LOAD c:/infineon/tools/dave ide/4.5.0.202105191637/eclipse/arm-gcc-49/bin/../lib/gcc/arm-none-eabi/4.9.3/../../../../arm-none-eabi/lib/armv6-m\libc_nano.a
END GROUP
START GROUP
LOAD c:/infineon/tools/dave ide/4.5.0.202105191637/eclipse/arm-gcc-49/bin/../lib/gcc/arm-none-eabi/4.9.3/armv6-m\libgcc.a
LOAD c:/infineon/tools/dave ide/4.5.0.202105191637/eclipse/arm-gcc-49/bin/../lib/gcc/arm-none-eabi/4.9.3/../../../../arm-none-eabi/lib/armv6-m\libc_nano.a
LOAD c:/infineon/tools/dave ide/4.5.0.202105191637/eclipse/arm-gcc-49/bin/../lib/gcc/arm-none-eabi/4.9.3/../../../../arm-none-eabi/lib/armv6-m\librdimon_nano.a
LOAD c:/infineon/tools/dave ide/4.5.0.202105191637/eclipse/arm-gcc-49/bin/../lib/gcc/arm-none-eabi/4.9.3/../../../../arm-none-eabi/lib/armv6-m\libnosys.a
END GROUP
START GROUP
LOAD c:/infineon/tools/dave ide/4.5.0.202105191637/eclipse/arm-gcc-49/bin/../lib/gcc/arm-none-eabi/4.9.3/armv6-m\libgcc.a
LOAD c:/infineon/tools/dave ide/4.5.0.202105191637/eclipse/arm-gcc-49/bin/../lib/gcc/arm-none-eabi/4.9.3/../../../../arm-none-eabi/lib/armv6-m\libc_nano.a
LOAD c:/infineon/tools/dave ide/4.5.0.202105191637/eclipse/arm-gcc-49/bin/../lib/gcc/arm-none-eabi/4.9.3/../../../../arm-none-eabi/lib/armv6-m\libnosys.a
END GROUP
START GROUP
LOAD c:/infineon/tools/dave ide/4.5.0.202105191637/eclipse/arm-gcc-49/bin/../lib/gcc/arm-none-eabi/4.9.3/armv6-m\libgcc.a
LOAD c:/infineon/tools/dave ide/4.5.0.202105191637/eclipse/arm-gcc-49/bin/../lib/gcc/arm-none-eabi/4.9.3/../../../../arm-none-eabi/lib/armv6-m\libc_nano.a
LOAD c:/infineon/tools/dave ide/4.5.0.202105191637/eclipse/arm-gcc-49/bin/../lib/gcc/arm-none-eabi/4.9.3/../../../../arm-none-eabi/lib/armv6-m\librdimon_nano.a
END GROUP
                0x00000400                stack_size = DEFINED (stack_size)?stack_size:0x400
                0x00000004                no_init_size = 0x4

.text           0x10001000     0x95ac
                0x10001000                sText = .
 *(.reset)
 .reset         0x10001000       0x94 ./Startup/startup_XMC1100.o
                0x10001000                __Vectors
                0x10001018                Reset_Handler
                0x10001090                HardFault_Handler
                0x10001090                VADC0_C0_0_IRQHandler
                0x10001090                ERU0_0_IRQHandler
                0x10001090                ERU0_2_IRQHandler
                0x10001090                ERU0_3_IRQHandler
                0x10001090                SCU_0_IRQHandler
                0x10001090                USIC0_5_IRQHandler
                0x10001090                CCU40_0_IRQHandler
                0x10001090                VADC0_C0_1_IRQHandler
                0x10001090                USIC0_3_IRQHandler
                0x10001090                CCU40_1_IRQHandler
                0x10001090                SCU_2_IRQHandler
                0x10001090                USIC0_4_IRQHandler
                0x10001090                SCU_1_IRQHandler
                0x10001090                ERU0_1_IRQHandler
                0x10001090                USIC0_2_IRQHandler
                0x10001090                Default_handler
 *(.text .text.* .gnu.linkonce.t.*)
 .text.SystemInit
                0x10001094       0x10 ./Startup/system_XMC1100.o
                0x10001094                SystemInit
 .text.SystemCoreClockUpdate
                0x100010a4       0x68 ./Startup/system_XMC1100.o
                0x100010a4                SystemCoreClockUpdate
 .text.XMC_GPIO_Init
                0x1000110c      0x17c ./Libraries/XMCLib/src/xmc1_gpio.o
                0x1000110c                XMC_GPIO_Init
 .text.XMC_SCU_LockProtectedBits
                0x10001288       0x14 ./Libraries/XMCLib/src/xmc1_scu.o
                0x10001288                XMC_SCU_LockProtectedBits
 .text.XMC_SCU_UnlockProtectedBits
                0x1000129c       0x20 ./Libraries/XMCLib/src/xmc1_scu.o
                0x1000129c                XMC_SCU_UnlockProtectedBits
 .text.XMC_SCU_CLOCK_Init
                0x100012bc       0x48 ./Libraries/XMCLib/src/xmc1_scu.o
                0x100012bc                XMC_SCU_CLOCK_Init
 .text.XMC_SCU_CLOCK_UngatePeripheralClock
                0x10001304       0x3c ./Libraries/XMCLib/src/xmc1_scu.o
                0x10001304                XMC_SCU_CLOCK_UngatePeripheralClock
 .text.XMC_SCU_CLOCK_IsPeripheralClockGated
                0x10001340       0x28 ./Libraries/XMCLib/src/xmc1_scu.o
                0x10001340                XMC_SCU_CLOCK_IsPeripheralClockGated
 .text.XMC_SCU_CLOCK_ScaleMCLKFrequency
                0x10001368       0xa4 ./Libraries/XMCLib/src/xmc1_scu.o
                0x10001368                XMC_SCU_CLOCK_ScaleMCLKFrequency
 .text.XMC_SCU_CLOCK_lFrequencyUpScaling
                0x1000140c       0x54 ./Libraries/XMCLib/src/xmc1_scu.o
 .text.XMC_SCU_CLOCK_lFrequencyDownScaling
                0x10001460       0x5c ./Libraries/XMCLib/src/xmc1_scu.o
 .text.XMC_SCU_CLOCK_GetPeripheralClockFrequency
                0x100014bc       0x14 ./Libraries/XMCLib/src/xmc1_scu.o
                0x100014bc                XMC_SCU_CLOCK_GetPeripheralClockFrequency
 .text.XMC_CCU4_StartPrescaler
                0x100014d0       0x18 ./Libraries/XMCLib/src/xmc_ccu4.o
 .text.XMC_CCU4_lUngateClock
                0x100014e8       0x20 ./Libraries/XMCLib/src/xmc_ccu4.o
 .text.XMC_CCU4_EnableModule
                0x10001508       0x18 ./Libraries/XMCLib/src/xmc_ccu4.o
                0x10001508                XMC_CCU4_EnableModule
 .text.XMC_CCU4_Init
                0x10001520       0x48 ./Libraries/XMCLib/src/xmc_ccu4.o
                0x10001520                XMC_CCU4_Init
 .text.XMC_CCU4_SLICE_CompareInit
                0x10001568       0x68 ./Libraries/XMCLib/src/xmc_ccu4.o
                0x10001568                XMC_CCU4_SLICE_CompareInit
 .text.XMC_CCU4_SLICE_SetInterruptNode
                0x100015d0       0xa8 ./Libraries/XMCLib/src/xmc_ccu4.o
                0x100015d0                XMC_CCU4_SLICE_SetInterruptNode
 .text.XMC_GPIO_SetHardwareControl
                0x10001678       0x4c ./Libraries/XMCLib/src/xmc_gpio.o
                0x10001678                XMC_GPIO_SetHardwareControl
 .text.XMC_USIC_CH_GetTransmitBufferStatus
                0x100016c4       0x1c ./Libraries/XMCLib/src/xmc_uart.o
 .text.XMC_UART_CH_ClearStatusFlag
                0x100016e0       0x18 ./Libraries/XMCLib/src/xmc_uart.o
 .text.XMC_UART_CH_InitEx
                0x100016f8       0xdc ./Libraries/XMCLib/src/xmc_uart.o
                0x100016f8                XMC_UART_CH_InitEx
 .text.XMC_UART_CH_Transmit
                0x100017d4       0x5c ./Libraries/XMCLib/src/xmc_uart.o
                0x100017d4                XMC_UART_CH_Transmit
 .text.XMC_UART_CH_GetReceivedData
                0x10001830       0x40 ./Libraries/XMCLib/src/xmc_uart.o
                0x10001830                XMC_UART_CH_GetReceivedData
 .text.XMC_USIC_CH_Enable
                0x10001870       0x50 ./Libraries/XMCLib/src/xmc_usic.o
                0x10001870                XMC_USIC_CH_Enable
 .text.XMC_USIC_CH_SetBaudrate
                0x100018c0       0xf4 ./Libraries/XMCLib/src/xmc_usic.o
                0x100018c0                XMC_USIC_CH_SetBaudrate
 .text.XMC_USIC_CH_SetBaudrateEx
                0x100019b4      0x10c ./Libraries/XMCLib/src/xmc_usic.o
                0x100019b4                XMC_USIC_CH_SetBaudrateEx
 .text.XMC_USIC_CH_TXFIFO_Configure
                0x10001ac0       0x5c ./Libraries/XMCLib/src/xmc_usic.o
                0x10001ac0                XMC_USIC_CH_TXFIFO_Configure
 .text.XMC_USIC_CH_RXFIFO_Configure
                0x10001b1c       0x64 ./Libraries/XMCLib/src/xmc_usic.o
                0x10001b1c                XMC_USIC_CH_RXFIFO_Configure
 .text.XMC_USIC_CH_RXFIFO_SetSizeTriggerLimit
                0x10001b80       0x38 ./Libraries/XMCLib/src/xmc_usic.o
                0x10001b80                XMC_USIC_CH_RXFIFO_SetSizeTriggerLimit
 .text.XMC_USIC_CH_SetInterruptNodePointer
                0x10001bb8       0x40 ./Libraries/XMCLib/src/xmc_usic.o
                0x10001bb8                XMC_USIC_CH_SetInterruptNodePointer
 .text.XMC_USIC_CH_TXFIFO_SetInterruptNodePointer
                0x10001bf8       0x48 ./Libraries/XMCLib/src/xmc_usic.o
                0x10001bf8                XMC_USIC_CH_TXFIFO_SetInterruptNodePointer
 .text.XMC_USIC_CH_RXFIFO_SetInterruptNodePointer
                0x10001c40       0x48 ./Libraries/XMCLib/src/xmc_usic.o
                0x10001c40                XMC_USIC_CH_RXFIFO_SetInterruptNodePointer
 .text.XMC_USIC_Enable
                0x10001c88       0x2c ./Libraries/XMCLib/src/xmc_usic.o
                0x10001c88                XMC_USIC_Enable
 .text._sbrk    0x10001cb4       0x68 ./Libraries/Newlib/syscalls.o
                0x10001cb4                _sbrk
 .text.XMC_USIC_CH_EnableEvent
                0x10001d1c       0x1c ./Dave/Generated/UART/uart.o
 .text.XMC_USIC_CH_DisableEvent
                0x10001d38       0x20 ./Dave/Generated/UART/uart.o
 .text.XMC_USIC_CH_GetTransmitBufferStatus
                0x10001d58       0x1c ./Dave/Generated/UART/uart.o
 .text.XMC_USIC_CH_TriggerServiceRequest
                0x10001d74       0x1c ./Dave/Generated/UART/uart.o
 .text.XMC_USIC_CH_TXFIFO_EnableEvent
                0x10001d90       0x28 ./Dave/Generated/UART/uart.o
 .text.XMC_USIC_CH_TXFIFO_DisableEvent
                0x10001db8       0x28 ./Dave/Generated/UART/uart.o
 .text.XMC_USIC_CH_TXFIFO_Flush
                0x10001de0       0x1c ./Dave/Generated/UART/uart.o
 .text.XMC_USIC_CH_TXFIFO_IsFull
                0x10001dfc       0x24 ./Dave/Generated/UART/uart.o
 .text.XMC_USIC_CH_TXFIFO_IsEmpty
                0x10001e20       0x24 ./Dave/Generated/UART/uart.o
 .text.XMC_USIC_CH_RXFIFO_DisableEvent
                0x10001e44       0x28 ./Dave/Generated/UART/uart.o
 .text.XMC_USIC_CH_RXFIFO_IsEmpty
                0x10001e6c       0x24 ./Dave/Generated/UART/uart.o
 .text.UART_Init
                0x10001e90       0x30 ./Dave/Generated/UART/uart.o
                0x10001e90                UART_Init
 .text.UART_Transmit
                0x10001ec0       0x4c ./Dave/Generated/UART/uart.o
                0x10001ec0                UART_Transmit
 .text.UART_StartTransmitIRQ
                0x10001f0c       0xd0 ./Dave/Generated/UART/uart.o
                0x10001f0c                UART_StartTransmitIRQ
 .text.UART_lTransmitHandler
                0x10001fdc      0x110 ./Dave/Generated/UART/uart.o
                0x10001fdc                UART_lTransmitHandler
 .text.UART_lReceiveHandler
                0x100020ec      0x128 ./Dave/Generated/UART/uart.o
                0x100020ec                UART_lReceiveHandler
 .text.UART_lReconfigureRxFIFO
                0x10002214       0x54 ./Dave/Generated/UART/uart.o
 .text.__NVIC_EnableIRQ
                0x10002268       0x34 ./Dave/Generated/UART/uart_conf.o
 .text.__NVIC_SetPriority
                0x1000229c       0xd4 ./Dave/Generated/UART/uart_conf.o
 .text.XMC_USIC_CH_SetInputSource
                0x10002370       0x48 ./Dave/Generated/UART/uart_conf.o
 .text.XMC_UART_CH_Init
                0x100023b8       0x20 ./Dave/Generated/UART/uart_conf.o
 .text.XMC_UART_CH_Start
                0x100023d8       0x20 ./Dave/Generated/UART/uart_conf.o
 .text.UART_BLUETOOTH_init
                0x100023f8       0xe8 ./Dave/Generated/UART/uart_conf.o
                0x100023f8                UART_BLUETOOTH_init
 .text.USIC0_1_IRQHandler
                0x100024e0       0x14 ./Dave/Generated/UART/uart_conf.o
                0x100024e0                USIC0_1_IRQHandler
 .text.USIC0_0_IRQHandler
                0x100024f4       0x14 ./Dave/Generated/UART/uart_conf.o
                0x100024f4                USIC0_0_IRQHandler
 .text.XMC_CCU4_EnableClock
                0x10002508       0x20 ./Dave/Generated/TIMER/timer.o
 .text.XMC_CCU4_SLICE_StartTimer
                0x10002528       0x14 ./Dave/Generated/TIMER/timer.o
 .text.XMC_CCU4_SLICE_ClearTimer
                0x1000253c       0x14 ./Dave/Generated/TIMER/timer.o
 .text.XMC_CCU4_SLICE_SetTimerPeriodMatch
                0x10002550       0x1c ./Dave/Generated/TIMER/timer.o
 .text.XMC_CCU4_SLICE_SetTimerCompareMatch
                0x1000256c       0x1c ./Dave/Generated/TIMER/timer.o
 .text.XMC_CCU4_EnableShadowTransfer
                0x10002588       0x18 ./Dave/Generated/TIMER/timer.o
 .text.XMC_CCU4_SLICE_EnableEvent
                0x100025a0       0x2c ./Dave/Generated/TIMER/timer.o
 .text.TIMER_Init
                0x100025cc       0x48 ./Dave/Generated/TIMER/timer.o
                0x100025cc                TIMER_Init
 .text.TIMER_Start
                0x10002614       0x48 ./Dave/Generated/TIMER/timer.o
                0x10002614                TIMER_Start
 .text.TIMER_CCU4_lInit
                0x1000265c       0xa4 ./Dave/Generated/TIMER/timer.o
                0x1000265c                TIMER_CCU4_lInit
 .text.TIMER_CCU4_lShadowTransfer
                0x10002700       0x3c ./Dave/Generated/TIMER/timer.o
                0x10002700                TIMER_CCU4_lShadowTransfer
 .text.XMC_CCU4_EnableClock
                0x1000273c       0x20 ./Dave/Generated/PWM/pwm.o
 .text.XMC_CCU4_SLICE_StartTimer
                0x1000275c       0x14 ./Dave/Generated/PWM/pwm.o
 .text.XMC_CCU4_SLICE_SetTimerPeriodMatch
                0x10002770       0x1c ./Dave/Generated/PWM/pwm.o
 .text.XMC_CCU4_SLICE_SetTimerCompareMatch
                0x1000278c       0x1c ./Dave/Generated/PWM/pwm.o
 .text.XMC_CCU4_EnableShadowTransfer
                0x100027a8       0x18 ./Dave/Generated/PWM/pwm.o
 .text.XMC_CCU4_SLICE_EnableEvent
                0x100027c0       0x2c ./Dave/Generated/PWM/pwm.o
 .text.PWM_lCCU4_Init
                0x100027ec       0xd4 ./Dave/Generated/PWM/pwm.o
                0x100027ec                PWM_lCCU4_Init
 .text.PWM_lCCU4_ConfigInterrupts
                0x100028c0       0x64 ./Dave/Generated/PWM/pwm.o
                0x100028c0                PWM_lCCU4_ConfigInterrupts
 .text.PWM_lCCU4_Start
                0x10002924       0x48 ./Dave/Generated/PWM/pwm.o
                0x10002924                PWM_lCCU4_Start
 .text.PWM_Init
                0x1000296c       0x38 ./Dave/Generated/PWM/pwm.o
                0x1000296c                PWM_Init
 .text.PWM_Start
                0x100029a4       0x20 ./Dave/Generated/PWM/pwm.o
                0x100029a4                PWM_Start
 .text.__NVIC_EnableIRQ
                0x100029c4       0x34 ./Dave/Generated/INTERRUPT/interrupt.o
 .text.__NVIC_SetPriority
                0x100029f8       0xd4 ./Dave/Generated/INTERRUPT/interrupt.o
 .text.INTERRUPT_Enable
                0x10002acc       0x1c ./Dave/Generated/INTERRUPT/interrupt.o
 .text.INTERRUPT_Init
                0x10002ae8       0x34 ./Dave/Generated/INTERRUPT/interrupt.o
                0x10002ae8                INTERRUPT_Init
 .text.XMC_CCU4_StartPrescaler
                0x10002b1c       0x18 ./Dave/Generated/GLOBAL_CCU4/global_ccu4.o
 .text.GLOBAL_CCU4_Init
                0x10002b34       0x40 ./Dave/Generated/GLOBAL_CCU4/global_ccu4.o
                0x10002b34                GLOBAL_CCU4_Init
 .text.pxPortInitialiseStack
                0x10002b74       0x54 ./Dave/Generated/FREERTOS/portable/GCC/port.o
                0x10002b74                pxPortInitialiseStack
 .text.prvTaskExitError
                0x10002bc8       0x2c ./Dave/Generated/FREERTOS/portable/GCC/port.o
 .text.SVC_Handler
                0x10002bf4        0x8 ./Dave/Generated/FREERTOS/portable/GCC/port.o
                0x10002bf4                SVC_Handler
 *fill*         0x10002bfc        0x4 
 .text.vPortStartFirstTask
                0x10002c00       0x40 ./Dave/Generated/FREERTOS/portable/GCC/port.o
 .text.xPortStartScheduler
                0x10002c40       0x48 ./Dave/Generated/FREERTOS/portable/GCC/port.o
                0x10002c40                xPortStartScheduler
 .text.vPortYield
                0x10002c88       0x1c ./Dave/Generated/FREERTOS/portable/GCC/port.o
                0x10002c88                vPortYield
 .text.vPortEnterCritical
                0x10002ca4       0x20 ./Dave/Generated/FREERTOS/portable/GCC/port.o
                0x10002ca4                vPortEnterCritical
 .text.vPortExitCritical
                0x10002cc4       0x2c ./Dave/Generated/FREERTOS/portable/GCC/port.o
                0x10002cc4                vPortExitCritical
 .text.ulSetInterruptMaskFromISR
                0x10002cf0        0xc ./Dave/Generated/FREERTOS/portable/GCC/port.o
                0x10002cf0                ulSetInterruptMaskFromISR
 .text.vClearInterruptMaskFromISR
                0x10002cfc        0x8 ./Dave/Generated/FREERTOS/portable/GCC/port.o
                0x10002cfc                vClearInterruptMaskFromISR
 *fill*         0x10002d04        0xc 
 .text.PendSV_Handler
                0x10002d10       0x50 ./Dave/Generated/FREERTOS/portable/GCC/port.o
                0x10002d10                PendSV_Handler
 .text.SysTick_Handler
                0x10002d60       0x30 ./Dave/Generated/FREERTOS/portable/GCC/port.o
                0x10002d60                SysTick_Handler
 .text.vPortSetupTimerInterrupt
                0x10002d90       0x40 ./Dave/Generated/FREERTOS/portable/GCC/port.o
                0x10002d90                vPortSetupTimerInterrupt
 .text.pvPortMalloc
                0x10002dd0       0x28 ./Dave/Generated/FREERTOS/heap.o
                0x10002dd0                pvPortMalloc
 .text.vPortFree
                0x10002df8       0x24 ./Dave/Generated/FREERTOS/heap.o
                0x10002df8                vPortFree
 .text.vListInitialise
                0x10002e1c       0x3c ./Dave/Generated/FREERTOS/list.o
                0x10002e1c                vListInitialise
 .text.vListInitialiseItem
                0x10002e58       0x14 ./Dave/Generated/FREERTOS/list.o
                0x10002e58                vListInitialiseItem
 .text.vListInsertEnd
                0x10002e6c       0x44 ./Dave/Generated/FREERTOS/list.o
                0x10002e6c                vListInsertEnd
 .text.vListInsert
                0x10002eb0       0x6c ./Dave/Generated/FREERTOS/list.o
                0x10002eb0                vListInsert
 .text.uxListRemove
                0x10002f1c       0x50 ./Dave/Generated/FREERTOS/list.o
                0x10002f1c                uxListRemove
 .text.xQueueGenericReset
                0x10002f6c       0xa8 ./Dave/Generated/FREERTOS/queue.o
                0x10002f6c                xQueueGenericReset
 .text.xQueueGenericCreate
                0x10003014       0x94 ./Dave/Generated/FREERTOS/queue.o
                0x10003014                xQueueGenericCreate
 .text.prvInitialiseNewQueue
                0x100030a8       0x54 ./Dave/Generated/FREERTOS/queue.o
 .text.xQueueGenericSend
                0x100030fc      0x1c8 ./Dave/Generated/FREERTOS/queue.o
                0x100030fc                xQueueGenericSend
 .text.xQueueGenericSendFromISR
                0x100032c4      0x130 ./Dave/Generated/FREERTOS/queue.o
                0x100032c4                xQueueGenericSendFromISR
 .text.xQueueReceive
                0x100033f4      0x174 ./Dave/Generated/FREERTOS/queue.o
                0x100033f4                xQueueReceive
 .text.prvCopyDataToQueue
                0x10003568       0xe0 ./Dave/Generated/FREERTOS/queue.o
 .text.prvCopyDataFromQueue
                0x10003648       0x50 ./Dave/Generated/FREERTOS/queue.o
 .text.prvUnlockQueue
                0x10003698       0xd8 ./Dave/Generated/FREERTOS/queue.o
 .text.prvIsQueueEmpty
                0x10003770       0x2c ./Dave/Generated/FREERTOS/queue.o
 .text.prvIsQueueFull
                0x1000379c       0x30 ./Dave/Generated/FREERTOS/queue.o
 .text.vQueueAddToRegistry
                0x100037cc       0x4c ./Dave/Generated/FREERTOS/queue.o
                0x100037cc                vQueueAddToRegistry
 .text.vQueueWaitForMessageRestricted
                0x10003818       0x70 ./Dave/Generated/FREERTOS/queue.o
                0x10003818                vQueueWaitForMessageRestricted
 .text.prvNotifyQueueSetContainer
                0x10003888       0xac ./Dave/Generated/FREERTOS/queue.o
 .text.xTaskCreate
                0x10003934       0x90 ./Dave/Generated/FREERTOS/tasks.o
                0x10003934                xTaskCreate
 .text.prvInitialiseNewTask
                0x100039c4      0x138 ./Dave/Generated/FREERTOS/tasks.o
 .text.prvAddNewTaskToReadyList
                0x10003afc       0xcc ./Dave/Generated/FREERTOS/tasks.o
 .text.vTaskDelay
                0x10003bc8       0x48 ./Dave/Generated/FREERTOS/tasks.o
                0x10003bc8                vTaskDelay
 .text.vTaskStartScheduler
                0x10003c10       0x84 ./Dave/Generated/FREERTOS/tasks.o
                0x10003c10                vTaskStartScheduler
 .text.vTaskSuspendAll
                0x10003c94       0x18 ./Dave/Generated/FREERTOS/tasks.o
                0x10003c94                vTaskSuspendAll
 .text.xTaskResumeAll
                0x10003cac      0x118 ./Dave/Generated/FREERTOS/tasks.o
                0x10003cac                xTaskResumeAll
 .text.xTaskGetTickCount
                0x10003dc4       0x1c ./Dave/Generated/FREERTOS/tasks.o
                0x10003dc4                xTaskGetTickCount
 .text.xTaskIncrementTick
                0x10003de0      0x160 ./Dave/Generated/FREERTOS/tasks.o
                0x10003de0                xTaskIncrementTick
 .text.vTaskSwitchContext
                0x10003f40       0xa0 ./Dave/Generated/FREERTOS/tasks.o
                0x10003f40                vTaskSwitchContext
 .text.vTaskPlaceOnEventList
                0x10003fe0       0x38 ./Dave/Generated/FREERTOS/tasks.o
                0x10003fe0                vTaskPlaceOnEventList
 .text.vTaskPlaceOnEventListRestricted
                0x10004018       0x48 ./Dave/Generated/FREERTOS/tasks.o
                0x10004018                vTaskPlaceOnEventListRestricted
 .text.xTaskRemoveFromEventList
                0x10004060       0xb8 ./Dave/Generated/FREERTOS/tasks.o
                0x10004060                xTaskRemoveFromEventList
 .text.vTaskInternalSetTimeOutState
                0x10004118       0x28 ./Dave/Generated/FREERTOS/tasks.o
                0x10004118                vTaskInternalSetTimeOutState
 .text.xTaskCheckForTimeOut
                0x10004140       0xc8 ./Dave/Generated/FREERTOS/tasks.o
                0x10004140                xTaskCheckForTimeOut
 .text.vTaskMissedYield
                0x10004208       0x14 ./Dave/Generated/FREERTOS/tasks.o
                0x10004208                vTaskMissedYield
 .text.prvIdleTask
                0x1000421c       0x20 ./Dave/Generated/FREERTOS/tasks.o
 .text.prvInitialiseTaskLists
                0x1000423c       0x88 ./Dave/Generated/FREERTOS/tasks.o
 .text.prvCheckTasksWaitingTermination
                0x100042c4       0x58 ./Dave/Generated/FREERTOS/tasks.o
 .text.prvDeleteTCB
                0x1000431c       0x20 ./Dave/Generated/FREERTOS/tasks.o
 .text.prvResetNextTaskUnblockTime
                0x1000433c       0x30 ./Dave/Generated/FREERTOS/tasks.o
 .text.xTaskGetSchedulerState
                0x1000436c       0x38 ./Dave/Generated/FREERTOS/tasks.o
                0x1000436c                xTaskGetSchedulerState
 .text.xTaskPriorityDisinherit
                0x100043a4       0xb8 ./Dave/Generated/FREERTOS/tasks.o
                0x100043a4                xTaskPriorityDisinherit
 .text.prvAddCurrentTaskToDelayedList
                0x1000445c       0xb0 ./Dave/Generated/FREERTOS/tasks.o
 .text.xTimerCreateTimerTask
                0x1000450c       0x58 ./Dave/Generated/FREERTOS/timers.o
                0x1000450c                xTimerCreateTimerTask
 .text.xTimerGenericCommand
                0x10004564       0xac ./Dave/Generated/FREERTOS/timers.o
                0x10004564                xTimerGenericCommand
 .text.prvProcessExpiredTimer
                0x10004610       0x88 ./Dave/Generated/FREERTOS/timers.o
 .text.prvTimerTask
                0x10004698       0x28 ./Dave/Generated/FREERTOS/timers.o
 .text.prvProcessTimerOrBlockTask
                0x100046c0       0x90 ./Dave/Generated/FREERTOS/timers.o
 .text.prvGetNextExpireTime
                0x10004750       0x44 ./Dave/Generated/FREERTOS/timers.o
 .text.prvSampleTimeNow
                0x10004794       0x40 ./Dave/Generated/FREERTOS/timers.o
 .text.prvInsertTimerInActiveList
                0x100047d4       0x84 ./Dave/Generated/FREERTOS/timers.o
 .text.prvProcessReceivedCommands
                0x10004858      0x198 ./Dave/Generated/FREERTOS/timers.o
 .text.prvSwitchTimerLists
                0x100049f0       0xbc ./Dave/Generated/FREERTOS/timers.o
 .text.prvCheckForValidListAndQueue
                0x10004aac       0x74 ./Dave/Generated/FREERTOS/timers.o
 .text.DIGITAL_IO_Init
                0x10004b20       0x40 ./Dave/Generated/DIGITAL_IO/digital_io.o
                0x10004b20                DIGITAL_IO_Init
 .text.SystemCoreSetup
                0x10004b60        0x8 ./Dave/Generated/CPU_CTRL_XMC1/cpu_ctrl_xmc1_conf.o
                0x10004b60                SystemCoreSetup
 .text.CLOCK_XMC1_Init
                0x10004b68       0x84 ./Dave/Generated/CLOCK_XMC1/clock_xmc1.o
                0x10004b68                CLOCK_XMC1_Init
 .text.SystemCoreClockSetup
                0x10004bec       0x20 ./Dave/Generated/CLOCK_XMC1/clock_xmc1_conf.o
                0x10004bec                SystemCoreClockSetup
 .text.DAVE_Init
                0x10004c0c      0x148 ./Dave/Generated/DAVE.o
                0x10004c0c                DAVE_Init
 .text.XMC_GPIO_SetOutputHigh
                0x10004d54       0x20 ./main.o
 .text.XMC_GPIO_SetOutputLow
                0x10004d74       0x24 ./main.o
 .text.XMC_GPIO_GetInput
                0x10004d98       0x28 ./main.o
 .text.DIGITAL_IO_SetOutputHigh
                0x10004dc0       0x20 ./main.o
 .text.DIGITAL_IO_SetOutputLow
                0x10004de0       0x20 ./main.o
 .text.DIGITAL_IO_GetInput
                0x10004e00       0x24 ./main.o
 .text.main     0x10004e24       0xbc ./main.o
                0x10004e24                main
 .text.ProcessingTask
                0x10004ee0       0x4c ./main.o
                0x10004ee0                ProcessingTask
 .text.CommunicationTask
                0x10004f2c       0xd8 ./main.o
                0x10004f2c                CommunicationTask
 .text.check_entrance
                0x10005004       0xcc ./main.o
                0x10005004                check_entrance
 .text.check_exit
                0x100050d0       0xcc ./main.o
                0x100050d0                check_exit
 .text.update_leds
                0x1000519c       0x40 ./main.o
                0x1000519c                update_leds
 .text.CCU40_2_IRQHandler
                0x100051dc       0x24 ./main.o
                0x100051dc                CCU40_2_IRQHandler
 .text.CCU40_3_IRQHandler
                0x10005200       0x18 ./main.o
                0x10005200                CCU40_3_IRQHandler
 .text          0x10005218      0x120 c:/infineon/tools/dave ide/4.5.0.202105191637/eclipse/arm-gcc-49/bin/../lib/gcc/arm-none-eabi/4.9.3/armv6-m\libgcc.a(_udivsi3.o)
                0x10005218                __aeabi_uidiv
                0x10005218                __udivsi3
                0x10005324                __aeabi_uidivmod
 .text          0x10005338      0x1e0 c:/infineon/tools/dave ide/4.5.0.202105191637/eclipse/arm-gcc-49/bin/../lib/gcc/arm-none-eabi/4.9.3/armv6-m\libgcc.a(_divsi3.o)
                0x10005338                __divsi3
                0x10005338                __aeabi_idiv
                0x10005504                __aeabi_idivmod
 .text          0x10005518        0x4 c:/infineon/tools/dave ide/4.5.0.202105191637/eclipse/arm-gcc-49/bin/../lib/gcc/arm-none-eabi/4.9.3/armv6-m\libgcc.a(_dvmd_tls.o)
                0x10005518                __aeabi_idiv0
                0x10005518                __aeabi_ldiv0
 .text          0x1000551c       0x3c c:/infineon/tools/dave ide/4.5.0.202105191637/eclipse/arm-gcc-49/bin/../lib/gcc/arm-none-eabi/4.9.3/armv6-m\libgcc.a(_clzsi2.o)
                0x1000551c                __clzsi2
 .text.__errno  0x10005558        0xc c:/infineon/tools/dave ide/4.5.0.202105191637/eclipse/arm-gcc-49/bin/../lib/gcc/arm-none-eabi/4.9.3/../../../../arm-none-eabi/lib/armv6-m\libg_nano.a(lib_a-errno.o)
                0x10005558                __errno
 .text.malloc   0x10005564       0x14 c:/infineon/tools/dave ide/4.5.0.202105191637/eclipse/arm-gcc-49/bin/../lib/gcc/arm-none-eabi/4.9.3/../../../../arm-none-eabi/lib/armv6-m\libg_nano.a(lib_a-malloc.o)
                0x10005564                malloc
 .text.free     0x10005578       0x14 c:/infineon/tools/dave ide/4.5.0.202105191637/eclipse/arm-gcc-49/bin/../lib/gcc/arm-none-eabi/4.9.3/../../../../arm-none-eabi/lib/armv6-m\libg_nano.a(lib_a-malloc.o)
                0x10005578                free
 .text.memcpy   0x1000558c       0x12 c:/infineon/tools/dave ide/4.5.0.202105191637/eclipse/arm-gcc-49/bin/../lib/gcc/arm-none-eabi/4.9.3/../../../../arm-none-eabi/lib/armv6-m\libg_nano.a(lib_a-memcpy.o)
                0x1000558c                memcpy
 .text.memset   0x1000559e       0x10 c:/infineon/tools/dave ide/4.5.0.202105191637/eclipse/arm-gcc-49/bin/../lib/gcc/arm-none-eabi/4.9.3/../../../../arm-none-eabi/lib/armv6-m\libg_nano.a(lib_a-memset.o)
                0x1000559e                memset
 *fill*         0x100055ae        0x2 
 .text._free_r  0x100055b0       0x8c c:/infineon/tools/dave ide/4.5.0.202105191637/eclipse/arm-gcc-49/bin/../lib/gcc/arm-none-eabi/4.9.3/../../../../arm-none-eabi/lib/armv6-m\libg_nano.a(lib_a-nano-freer.o)
                0x100055b0                _free_r
 .text._malloc_r
                0x1000563c       0xb0 c:/infineon/tools/dave ide/4.5.0.202105191637/eclipse/arm-gcc-49/bin/../lib/gcc/arm-none-eabi/4.9.3/../../../../arm-none-eabi/lib/armv6-m\libg_nano.a(lib_a-nano-mallocr.o)
                0x1000563c                _malloc_r
 .text.__cvt    0x100056ec       0xc8 c:/infineon/tools/dave ide/4.5.0.202105191637/eclipse/arm-gcc-49/bin/../lib/gcc/arm-none-eabi/4.9.3/../../../../arm-none-eabi/lib/armv6-m\libg_nano.a(lib_a-nano-vfprintf_float.o)
                0x100056ec                __cvt
 .text.__exponent
                0x100057b4       0x62 c:/infineon/tools/dave ide/4.5.0.202105191637/eclipse/arm-gcc-49/bin/../lib/gcc/arm-none-eabi/4.9.3/../../../../arm-none-eabi/lib/armv6-m\libg_nano.a(lib_a-nano-vfprintf_float.o)
                0x100057b4                __exponent
 *fill*         0x10005816        0x2 
 .text._printf_float
                0x10005818      0x470 c:/infineon/tools/dave ide/4.5.0.202105191637/eclipse/arm-gcc-49/bin/../lib/gcc/arm-none-eabi/4.9.3/../../../../arm-none-eabi/lib/armv6-m\libg_nano.a(lib_a-nano-vfprintf_float.o)
                0x10005818                _printf_float
 .text._printf_common
                0x10005c88       0xdc c:/infineon/tools/dave ide/4.5.0.202105191637/eclipse/arm-gcc-49/bin/../lib/gcc/arm-none-eabi/4.9.3/../../../../arm-none-eabi/lib/armv6-m\libg_nano.a(lib_a-nano-vfprintf_i.o)
                0x10005c88                _printf_common
 .text._printf_i
                0x10005d64      0x230 c:/infineon/tools/dave ide/4.5.0.202105191637/eclipse/arm-gcc-49/bin/../lib/gcc/arm-none-eabi/4.9.3/../../../../arm-none-eabi/lib/armv6-m\libg_nano.a(lib_a-nano-vfprintf_i.o)
                0x10005d64                _printf_i
 .text.printf   0x10005f94       0x34 c:/infineon/tools/dave ide/4.5.0.202105191637/eclipse/arm-gcc-49/bin/../lib/gcc/arm-none-eabi/4.9.3/../../../../arm-none-eabi/lib/armv6-m\libg_nano.a(lib_a-printf.o)
                0x10005f94                iprintf
                0x10005f94                printf
 .text._puts_r  0x10005fc8       0xc2 c:/infineon/tools/dave ide/4.5.0.202105191637/eclipse/arm-gcc-49/bin/../lib/gcc/arm-none-eabi/4.9.3/../../../../arm-none-eabi/lib/armv6-m\libg_nano.a(lib_a-puts.o)
                0x10005fc8                _puts_r
 *fill*         0x1000608a        0x2 
 .text.puts     0x1000608c       0x14 c:/infineon/tools/dave ide/4.5.0.202105191637/eclipse/arm-gcc-49/bin/../lib/gcc/arm-none-eabi/4.9.3/../../../../arm-none-eabi/lib/armv6-m\libg_nano.a(lib_a-puts.o)
                0x1000608c                puts
 .text.__fpclassifyd
                0x100060a0       0x50 c:/infineon/tools/dave ide/4.5.0.202105191637/eclipse/arm-gcc-49/bin/../lib/gcc/arm-none-eabi/4.9.3/../../../../arm-none-eabi/lib/armv6-m\libg_nano.a(lib_a-s_fpclassify.o)
                0x100060a0                __fpclassifyd
 .text._sbrk_r  0x100060f0       0x24 c:/infineon/tools/dave ide/4.5.0.202105191637/eclipse/arm-gcc-49/bin/../lib/gcc/arm-none-eabi/4.9.3/../../../../arm-none-eabi/lib/armv6-m\libg_nano.a(lib_a-sbrkr.o)
                0x100060f0                _sbrk_r
 .text.sprintf  0x10006114       0x44 c:/infineon/tools/dave ide/4.5.0.202105191637/eclipse/arm-gcc-49/bin/../lib/gcc/arm-none-eabi/4.9.3/../../../../arm-none-eabi/lib/armv6-m\libg_nano.a(lib_a-sprintf.o)
                0x10006114                siprintf
                0x10006114                sprintf
 .text.strlen   0x10006158        0xe c:/infineon/tools/dave ide/4.5.0.202105191637/eclipse/arm-gcc-49/bin/../lib/gcc/arm-none-eabi/4.9.3/../../../../arm-none-eabi/lib/armv6-m\libg_nano.a(lib_a-strlen.o)
                0x10006158                strlen
 *fill*         0x10006166        0x2 
 .text.__swbuf_r
                0x10006168       0xb0 c:/infineon/tools/dave ide/4.5.0.202105191637/eclipse/arm-gcc-49/bin/../lib/gcc/arm-none-eabi/4.9.3/../../../../arm-none-eabi/lib/armv6-m\libg_nano.a(lib_a-wbuf.o)
                0x10006168                __swbuf_r
 .text.__swsetup_r
                0x10006218       0xe8 c:/infineon/tools/dave ide/4.5.0.202105191637/eclipse/arm-gcc-49/bin/../lib/gcc/arm-none-eabi/4.9.3/../../../../arm-none-eabi/lib/armv6-m\libg_nano.a(lib_a-wsetup.o)
                0x10006218                __swsetup_r
 .text.quorem   0x10006300      0x10e c:/infineon/tools/dave ide/4.5.0.202105191637/eclipse/arm-gcc-49/bin/../lib/gcc/arm-none-eabi/4.9.3/../../../../arm-none-eabi/lib/armv6-m\libg_nano.a(lib_a-dtoa.o)
 *fill*         0x1000640e        0x2 
 .text._dtoa_r  0x10006410      0xc00 c:/infineon/tools/dave ide/4.5.0.202105191637/eclipse/arm-gcc-49/bin/../lib/gcc/arm-none-eabi/4.9.3/../../../../arm-none-eabi/lib/armv6-m\libg_nano.a(lib_a-dtoa.o)
                0x10006410                _dtoa_r
 .text.__sflush_r
                0x10007010      0x112 c:/infineon/tools/dave ide/4.5.0.202105191637/eclipse/arm-gcc-49/bin/../lib/gcc/arm-none-eabi/4.9.3/../../../../arm-none-eabi/lib/armv6-m\libg_nano.a(lib_a-fflush.o)
                0x10007010                __sflush_r
 *fill*         0x10007122        0x2 
 .text._fflush_r
                0x10007124       0x58 c:/infineon/tools/dave ide/4.5.0.202105191637/eclipse/arm-gcc-49/bin/../lib/gcc/arm-none-eabi/4.9.3/../../../../arm-none-eabi/lib/armv6-m\libg_nano.a(lib_a-fflush.o)
                0x10007124                _fflush_r
 .text._cleanup_r
                0x1000717c       0x10 c:/infineon/tools/dave ide/4.5.0.202105191637/eclipse/arm-gcc-49/bin/../lib/gcc/arm-none-eabi/4.9.3/../../../../arm-none-eabi/lib/armv6-m\libg_nano.a(lib_a-findfp.o)
                0x1000717c                _cleanup_r
 .text.std.isra.0
                0x1000718c       0x48 c:/infineon/tools/dave ide/4.5.0.202105191637/eclipse/arm-gcc-49/bin/../lib/gcc/arm-none-eabi/4.9.3/../../../../arm-none-eabi/lib/armv6-m\libg_nano.a(lib_a-findfp.o)
 .text.__sfmoreglue
                0x100071d4       0x2c c:/infineon/tools/dave ide/4.5.0.202105191637/eclipse/arm-gcc-49/bin/../lib/gcc/arm-none-eabi/4.9.3/../../../../arm-none-eabi/lib/armv6-m\libg_nano.a(lib_a-findfp.o)
                0x100071d4                __sfmoreglue
 .text.__sinit  0x10007200       0x64 c:/infineon/tools/dave ide/4.5.0.202105191637/eclipse/arm-gcc-49/bin/../lib/gcc/arm-none-eabi/4.9.3/../../../../arm-none-eabi/lib/armv6-m\libg_nano.a(lib_a-findfp.o)
                0x10007200                __sinit
 .text.__sfp    0x10007264       0x7c c:/infineon/tools/dave ide/4.5.0.202105191637/eclipse/arm-gcc-49/bin/../lib/gcc/arm-none-eabi/4.9.3/../../../../arm-none-eabi/lib/armv6-m\libg_nano.a(lib_a-findfp.o)
                0x10007264                __sfp
 .text._fwalk_reent
                0x100072e0       0x42 c:/infineon/tools/dave ide/4.5.0.202105191637/eclipse/arm-gcc-49/bin/../lib/gcc/arm-none-eabi/4.9.3/../../../../arm-none-eabi/lib/armv6-m\libg_nano.a(lib_a-fwalk.o)
                0x100072e0                _fwalk_reent
 *fill*         0x10007322        0x2 
 .text._localeconv_r
                0x10007324        0x8 c:/infineon/tools/dave ide/4.5.0.202105191637/eclipse/arm-gcc-49/bin/../lib/gcc/arm-none-eabi/4.9.3/../../../../arm-none-eabi/lib/armv6-m\libg_nano.a(lib_a-locale.o)
                0x10007324                _localeconv_r
 .text.__smakebuf_r
                0x1000732c       0xb0 c:/infineon/tools/dave ide/4.5.0.202105191637/eclipse/arm-gcc-49/bin/../lib/gcc/arm-none-eabi/4.9.3/../../../../arm-none-eabi/lib/armv6-m\libg_nano.a(lib_a-makebuf.o)
                0x1000732c                __smakebuf_r
 .text.memchr   0x100073dc       0x16 c:/infineon/tools/dave ide/4.5.0.202105191637/eclipse/arm-gcc-49/bin/../lib/gcc/arm-none-eabi/4.9.3/../../../../arm-none-eabi/lib/armv6-m\libg_nano.a(lib_a-memchr.o)
                0x100073dc                memchr
 .text._Balloc  0x100073f2       0x70 c:/infineon/tools/dave ide/4.5.0.202105191637/eclipse/arm-gcc-49/bin/../lib/gcc/arm-none-eabi/4.9.3/../../../../arm-none-eabi/lib/armv6-m\libg_nano.a(lib_a-mprec.o)
                0x100073f2                _Balloc
 .text._Bfree   0x10007462       0x32 c:/infineon/tools/dave ide/4.5.0.202105191637/eclipse/arm-gcc-49/bin/../lib/gcc/arm-none-eabi/4.9.3/../../../../arm-none-eabi/lib/armv6-m\libg_nano.a(lib_a-mprec.o)
                0x10007462                _Bfree
 .text.__multadd
                0x10007494       0x78 c:/infineon/tools/dave ide/4.5.0.202105191637/eclipse/arm-gcc-49/bin/../lib/gcc/arm-none-eabi/4.9.3/../../../../arm-none-eabi/lib/armv6-m\libg_nano.a(lib_a-mprec.o)
                0x10007494                __multadd
 .text.__hi0bits
                0x1000750c       0x36 c:/infineon/tools/dave ide/4.5.0.202105191637/eclipse/arm-gcc-49/bin/../lib/gcc/arm-none-eabi/4.9.3/../../../../arm-none-eabi/lib/armv6-m\libg_nano.a(lib_a-mprec.o)
                0x1000750c                __hi0bits
 .text.__lo0bits
                0x10007542       0x5e c:/infineon/tools/dave ide/4.5.0.202105191637/eclipse/arm-gcc-49/bin/../lib/gcc/arm-none-eabi/4.9.3/../../../../arm-none-eabi/lib/armv6-m\libg_nano.a(lib_a-mprec.o)
                0x10007542                __lo0bits
 .text.__i2b    0x100075a0       0x12 c:/infineon/tools/dave ide/4.5.0.202105191637/eclipse/arm-gcc-49/bin/../lib/gcc/arm-none-eabi/4.9.3/../../../../arm-none-eabi/lib/armv6-m\libg_nano.a(lib_a-mprec.o)
                0x100075a0                __i2b
 .text.__multiply
                0x100075b2      0x11a c:/infineon/tools/dave ide/4.5.0.202105191637/eclipse/arm-gcc-49/bin/../lib/gcc/arm-none-eabi/4.9.3/../../../../arm-none-eabi/lib/armv6-m\libg_nano.a(lib_a-mprec.o)
                0x100075b2                __multiply
 .text.__pow5mult
                0x100076cc       0xa4 c:/infineon/tools/dave ide/4.5.0.202105191637/eclipse/arm-gcc-49/bin/../lib/gcc/arm-none-eabi/4.9.3/../../../../arm-none-eabi/lib/armv6-m\libg_nano.a(lib_a-mprec.o)
                0x100076cc                __pow5mult
 .text.__lshift
                0x10007770       0xa4 c:/infineon/tools/dave ide/4.5.0.202105191637/eclipse/arm-gcc-49/bin/../lib/gcc/arm-none-eabi/4.9.3/../../../../arm-none-eabi/lib/armv6-m\libg_nano.a(lib_a-mprec.o)
                0x10007770                __lshift
 .text.__mcmp   0x10007814       0x36 c:/infineon/tools/dave ide/4.5.0.202105191637/eclipse/arm-gcc-49/bin/../lib/gcc/arm-none-eabi/4.9.3/../../../../arm-none-eabi/lib/armv6-m\libg_nano.a(lib_a-mprec.o)
                0x10007814                __mcmp
 .text.__mdiff  0x1000784a       0xd6 c:/infineon/tools/dave ide/4.5.0.202105191637/eclipse/arm-gcc-49/bin/../lib/gcc/arm-none-eabi/4.9.3/../../../../arm-none-eabi/lib/armv6-m\libg_nano.a(lib_a-mprec.o)
                0x1000784a                __mdiff
 .text.__d2b    0x10007920       0xa8 c:/infineon/tools/dave ide/4.5.0.202105191637/eclipse/arm-gcc-49/bin/../lib/gcc/arm-none-eabi/4.9.3/../../../../arm-none-eabi/lib/armv6-m\libg_nano.a(lib_a-mprec.o)
                0x10007920                __d2b
 .text._calloc_r
                0x100079c8       0x1c c:/infineon/tools/dave ide/4.5.0.202105191637/eclipse/arm-gcc-49/bin/../lib/gcc/arm-none-eabi/4.9.3/../../../../arm-none-eabi/lib/armv6-m\libg_nano.a(lib_a-nano-callocr.o)
                0x100079c8                _calloc_r
 .text.__ssputs_r
                0x100079e4       0xc0 c:/infineon/tools/dave ide/4.5.0.202105191637/eclipse/arm-gcc-49/bin/../lib/gcc/arm-none-eabi/4.9.3/../../../../arm-none-eabi/lib/armv6-m\libg_nano.a(lib_a-nano-svfprintf.o)
                0x100079e4                __ssputs_r
 .text._svfprintf_r
                0x10007aa4      0x1ec c:/infineon/tools/dave ide/4.5.0.202105191637/eclipse/arm-gcc-49/bin/../lib/gcc/arm-none-eabi/4.9.3/../../../../arm-none-eabi/lib/armv6-m\libg_nano.a(lib_a-nano-svfprintf.o)
                0x10007aa4                _svfiprintf_r
                0x10007aa4                _svfprintf_r
 .text.__sfputc_r
                0x10007c90       0x2a c:/infineon/tools/dave ide/4.5.0.202105191637/eclipse/arm-gcc-49/bin/../lib/gcc/arm-none-eabi/4.9.3/../../../../arm-none-eabi/lib/armv6-m\libg_nano.a(lib_a-nano-vfprintf.o)
 .text.__sfputs_r
                0x10007cba       0x24 c:/infineon/tools/dave ide/4.5.0.202105191637/eclipse/arm-gcc-49/bin/../lib/gcc/arm-none-eabi/4.9.3/../../../../arm-none-eabi/lib/armv6-m\libg_nano.a(lib_a-nano-vfprintf.o)
                0x10007cba                __sfputs_r
 *fill*         0x10007cde        0x2 
 .text._vfprintf_r
                0x10007ce0      0x220 c:/infineon/tools/dave ide/4.5.0.202105191637/eclipse/arm-gcc-49/bin/../lib/gcc/arm-none-eabi/4.9.3/../../../../arm-none-eabi/lib/armv6-m\libg_nano.a(lib_a-nano-vfprintf.o)
                0x10007ce0                _vfprintf_r
                0x10007ce0                _vfiprintf_r
 .text.__sread  0x10007f00       0x28 c:/infineon/tools/dave ide/4.5.0.202105191637/eclipse/arm-gcc-49/bin/../lib/gcc/arm-none-eabi/4.9.3/../../../../arm-none-eabi/lib/armv6-m\libg_nano.a(lib_a-stdio.o)
                0x10007f00                __sread
 .text.__swrite
                0x10007f28       0x38 c:/infineon/tools/dave ide/4.5.0.202105191637/eclipse/arm-gcc-49/bin/../lib/gcc/arm-none-eabi/4.9.3/../../../../arm-none-eabi/lib/armv6-m\libg_nano.a(lib_a-stdio.o)
                0x10007f28                __swrite
 .text.__sseek  0x10007f60       0x2c c:/infineon/tools/dave ide/4.5.0.202105191637/eclipse/arm-gcc-49/bin/../lib/gcc/arm-none-eabi/4.9.3/../../../../arm-none-eabi/lib/armv6-m\libg_nano.a(lib_a-stdio.o)
                0x10007f60                __sseek
 .text.__sclose
                0x10007f8c        0xc c:/infineon/tools/dave ide/4.5.0.202105191637/eclipse/arm-gcc-49/bin/../lib/gcc/arm-none-eabi/4.9.3/../../../../arm-none-eabi/lib/armv6-m\libg_nano.a(lib_a-stdio.o)
                0x10007f8c                __sclose
 .text._write_r
                0x10007f98       0x28 c:/infineon/tools/dave ide/4.5.0.202105191637/eclipse/arm-gcc-49/bin/../lib/gcc/arm-none-eabi/4.9.3/../../../../arm-none-eabi/lib/armv6-m\libg_nano.a(lib_a-writer.o)
                0x10007f98                _write_r
 .text._close_r
                0x10007fc0       0x24 c:/infineon/tools/dave ide/4.5.0.202105191637/eclipse/arm-gcc-49/bin/../lib/gcc/arm-none-eabi/4.9.3/../../../../arm-none-eabi/lib/armv6-m\libg_nano.a(lib_a-closer.o)
                0x10007fc0                _close_r
 .text._fstat_r
                0x10007fe4       0x24 c:/infineon/tools/dave ide/4.5.0.202105191637/eclipse/arm-gcc-49/bin/../lib/gcc/arm-none-eabi/4.9.3/../../../../arm-none-eabi/lib/armv6-m\libg_nano.a(lib_a-fstatr.o)
                0x10007fe4                _fstat_r
 .text._isatty_r
                0x10008008       0x24 c:/infineon/tools/dave ide/4.5.0.202105191637/eclipse/arm-gcc-49/bin/../lib/gcc/arm-none-eabi/4.9.3/../../../../arm-none-eabi/lib/armv6-m\libg_nano.a(lib_a-isattyr.o)
                0x10008008                _isatty_r
 .text._lseek_r
                0x1000802c       0x28 c:/infineon/tools/dave ide/4.5.0.202105191637/eclipse/arm-gcc-49/bin/../lib/gcc/arm-none-eabi/4.9.3/../../../../arm-none-eabi/lib/armv6-m\libg_nano.a(lib_a-lseekr.o)
                0x1000802c                _lseek_r
 .text.memmove  0x10008054       0x28 c:/infineon/tools/dave ide/4.5.0.202105191637/eclipse/arm-gcc-49/bin/../lib/gcc/arm-none-eabi/4.9.3/../../../../arm-none-eabi/lib/armv6-m\libg_nano.a(lib_a-memmove.o)
                0x10008054                memmove
 .text._realloc_r
                0x1000807c       0x4c c:/infineon/tools/dave ide/4.5.0.202105191637/eclipse/arm-gcc-49/bin/../lib/gcc/arm-none-eabi/4.9.3/../../../../arm-none-eabi/lib/armv6-m\libg_nano.a(lib_a-nano-reallocr.o)
                0x1000807c                _realloc_r
 .text._read_r  0x100080c8       0x28 c:/infineon/tools/dave ide/4.5.0.202105191637/eclipse/arm-gcc-49/bin/../lib/gcc/arm-none-eabi/4.9.3/../../../../arm-none-eabi/lib/armv6-m\libg_nano.a(lib_a-readr.o)
                0x100080c8                _read_r
 .text._malloc_usable_size_r
                0x100080f0       0x16 c:/infineon/tools/dave ide/4.5.0.202105191637/eclipse/arm-gcc-49/bin/../lib/gcc/arm-none-eabi/4.9.3/../../../../arm-none-eabi/lib/armv6-m\libg_nano.a(lib_a-nano-msizer.o)
                0x100080f0                _malloc_usable_size_r
 *fill*         0x10008106        0x2 
 .text          0x10008108       0x14 c:/infineon/tools/dave ide/4.5.0.202105191637/eclipse/arm-gcc-49/bin/../lib/gcc/arm-none-eabi/4.9.3/armv6-m\libgcc.a(_thumb1_case_uqi.o)
                0x10008108                __gnu_thumb1_case_uqi
 .text          0x1000811c       0x7c c:/infineon/tools/dave ide/4.5.0.202105191637/eclipse/arm-gcc-49/bin/../lib/gcc/arm-none-eabi/4.9.3/armv6-m\libgcc.a(_arm_cmpdf2.o)
                0x1000811c                __aeabi_cdrcmple
                0x1000812c                __aeabi_cdcmple
                0x1000812c                __aeabi_cdcmpeq
                0x1000813c                __aeabi_dcmpeq
                0x10008148                __aeabi_dcmplt
                0x1000815c                __aeabi_dcmple
                0x10008170                __aeabi_dcmpgt
                0x10008184                __aeabi_dcmpge
 .text          0x10008198      0x650 c:/infineon/tools/dave ide/4.5.0.202105191637/eclipse/arm-gcc-49/bin/../lib/gcc/arm-none-eabi/4.9.3/armv6-m\libgcc.a(adddf3.o)
                0x10008198                __aeabi_dadd
 .text          0x100087e8      0x648 c:/infineon/tools/dave ide/4.5.0.202105191637/eclipse/arm-gcc-49/bin/../lib/gcc/arm-none-eabi/4.9.3/armv6-m\libgcc.a(divdf3.o)
                0x100087e8                __aeabi_ddiv
 .text          0x10008e30       0x88 c:/infineon/tools/dave ide/4.5.0.202105191637/eclipse/arm-gcc-49/bin/../lib/gcc/arm-none-eabi/4.9.3/armv6-m\libgcc.a(eqdf2.o)
                0x10008e30                __nedf2
                0x10008e30                __eqdf2
 .text          0x10008eb8       0xe0 c:/infineon/tools/dave ide/4.5.0.202105191637/eclipse/arm-gcc-49/bin/../lib/gcc/arm-none-eabi/4.9.3/armv6-m\libgcc.a(gedf2.o)
                0x10008eb8                __gedf2
                0x10008eb8                __gtdf2
 .text          0x10008f98       0xcc c:/infineon/tools/dave ide/4.5.0.202105191637/eclipse/arm-gcc-49/bin/../lib/gcc/arm-none-eabi/4.9.3/armv6-m\libgcc.a(ledf2.o)
                0x10008f98                __ledf2
                0x10008f98                __ltdf2
 .text          0x10009064      0x534 c:/infineon/tools/dave ide/4.5.0.202105191637/eclipse/arm-gcc-49/bin/../lib/gcc/arm-none-eabi/4.9.3/armv6-m\libgcc.a(muldf3.o)
                0x10009064                __aeabi_dmul
 .text          0x10009598      0x6f4 c:/infineon/tools/dave ide/4.5.0.202105191637/eclipse/arm-gcc-49/bin/../lib/gcc/arm-none-eabi/4.9.3/armv6-m\libgcc.a(subdf3.o)
                0x10009598                __aeabi_dsub
 .text          0x10009c8c       0x6c c:/infineon/tools/dave ide/4.5.0.202105191637/eclipse/arm-gcc-49/bin/../lib/gcc/arm-none-eabi/4.9.3/armv6-m\libgcc.a(fixdfsi.o)
                0x10009c8c                __aeabi_d2iz
 .text          0x10009cf8       0x78 c:/infineon/tools/dave ide/4.5.0.202105191637/eclipse/arm-gcc-49/bin/../lib/gcc/arm-none-eabi/4.9.3/armv6-m\libgcc.a(floatsidf.o)
                0x10009cf8                __aeabi_i2d
 .text          0x10009d70       0x64 c:/infineon/tools/dave ide/4.5.0.202105191637/eclipse/arm-gcc-49/bin/../lib/gcc/arm-none-eabi/4.9.3/armv6-m\libgcc.a(floatunsidf.o)
                0x10009d70                __aeabi_ui2d
 .text.findslot
                0x10009dd4       0x34 c:/infineon/tools/dave ide/4.5.0.202105191637/eclipse/arm-gcc-49/bin/../lib/gcc/arm-none-eabi/4.9.3/../../../../arm-none-eabi/lib/armv6-m\librdimon_nano.a(rdimon-syscalls.o)
 .text.error    0x10009e08       0x1c c:/infineon/tools/dave ide/4.5.0.202105191637/eclipse/arm-gcc-49/bin/../lib/gcc/arm-none-eabi/4.9.3/../../../../arm-none-eabi/lib/armv6-m\librdimon_nano.a(rdimon-syscalls.o)
 .text.checkerror
                0x10009e24        0xc c:/infineon/tools/dave ide/4.5.0.202105191637/eclipse/arm-gcc-49/bin/../lib/gcc/arm-none-eabi/4.9.3/../../../../arm-none-eabi/lib/armv6-m\librdimon_nano.a(rdimon-syscalls.o)
 .text.initialise_monitor_handles
                0x10009e30       0x98 c:/infineon/tools/dave ide/4.5.0.202105191637/eclipse/arm-gcc-49/bin/../lib/gcc/arm-none-eabi/4.9.3/../../../../arm-none-eabi/lib/armv6-m\librdimon_nano.a(rdimon-syscalls.o)
                0x10009e30                initialise_monitor_handles
 .text._swiread
                0x10009ec8       0x20 c:/infineon/tools/dave ide/4.5.0.202105191637/eclipse/arm-gcc-49/bin/../lib/gcc/arm-none-eabi/4.9.3/../../../../arm-none-eabi/lib/armv6-m\librdimon_nano.a(rdimon-syscalls.o)
                0x10009ec8                _swiread
 .text._read    0x10009ee8       0x36 c:/infineon/tools/dave ide/4.5.0.202105191637/eclipse/arm-gcc-49/bin/../lib/gcc/arm-none-eabi/4.9.3/../../../../arm-none-eabi/lib/armv6-m\librdimon_nano.a(rdimon-syscalls.o)
                0x10009ee8                _read
 .text._swilseek
                0x10009f1e       0x76 c:/infineon/tools/dave ide/4.5.0.202105191637/eclipse/arm-gcc-49/bin/../lib/gcc/arm-none-eabi/4.9.3/../../../../arm-none-eabi/lib/armv6-m\librdimon_nano.a(rdimon-syscalls.o)
                0x10009f1e                _swilseek
 .text._lseek   0x10009f94        0x8 c:/infineon/tools/dave ide/4.5.0.202105191637/eclipse/arm-gcc-49/bin/../lib/gcc/arm-none-eabi/4.9.3/../../../../arm-none-eabi/lib/armv6-m\librdimon_nano.a(rdimon-syscalls.o)
                0x10009f94                _lseek
 .text._swiwrite
                0x10009f9c       0x20 c:/infineon/tools/dave ide/4.5.0.202105191637/eclipse/arm-gcc-49/bin/../lib/gcc/arm-none-eabi/4.9.3/../../../../arm-none-eabi/lib/armv6-m\librdimon_nano.a(rdimon-syscalls.o)
                0x10009f9c                _swiwrite
 .text._write   0x10009fbc       0x40 c:/infineon/tools/dave ide/4.5.0.202105191637/eclipse/arm-gcc-49/bin/../lib/gcc/arm-none-eabi/4.9.3/../../../../arm-none-eabi/lib/armv6-m\librdimon_nano.a(rdimon-syscalls.o)
                0x10009fbc                _write
 .text._swiclose
                0x10009ffc       0x18 c:/infineon/tools/dave ide/4.5.0.202105191637/eclipse/arm-gcc-49/bin/../lib/gcc/arm-none-eabi/4.9.3/../../../../arm-none-eabi/lib/armv6-m\librdimon_nano.a(rdimon-syscalls.o)
                0x10009ffc                _swiclose
 .text._close   0x1000a014       0x4c c:/infineon/tools/dave ide/4.5.0.202105191637/eclipse/arm-gcc-49/bin/../lib/gcc/arm-none-eabi/4.9.3/../../../../arm-none-eabi/lib/armv6-m\librdimon_nano.a(rdimon-syscalls.o)
                0x1000a014                _close
 .text._swistat
                0x1000a060       0x46 c:/infineon/tools/dave ide/4.5.0.202105191637/eclipse/arm-gcc-49/bin/../lib/gcc/arm-none-eabi/4.9.3/../../../../arm-none-eabi/lib/armv6-m\librdimon_nano.a(rdimon-syscalls.o)
                0x1000a060                _swistat
 .text._fstat   0x1000a0a6       0x1a c:/infineon/tools/dave ide/4.5.0.202105191637/eclipse/arm-gcc-49/bin/../lib/gcc/arm-none-eabi/4.9.3/../../../../arm-none-eabi/lib/armv6-m\librdimon_nano.a(rdimon-syscalls.o)
                0x1000a0a6                _fstat
 .text._isatty  0x1000a0c0       0x3a c:/infineon/tools/dave ide/4.5.0.202105191637/eclipse/arm-gcc-49/bin/../lib/gcc/arm-none-eabi/4.9.3/../../../../arm-none-eabi/lib/armv6-m\librdimon_nano.a(rdimon-syscalls.o)
                0x1000a0c0                _isatty
 *(.init)
 *(.fini)
 *crtbegin.o(.ctors)
 *crtbegin?.o(.ctors)
 *(EXCLUDE_FILE(*crtend.o *crtend?.o) .ctors)
 *(SORT(.ctors.*))
 *(.ctors)
 *crtbegin.o(.dtors)
 *crtbegin?.o(.dtors)
 *(EXCLUDE_FILE(*crtend.o *crtend?.o) .dtors)
 *(SORT(.dtors.*))
 *(.dtors)
 *(.rodata .rodata.*)
 *fill*         0x1000a0fa        0x2 
 .rodata.XMC_CCU4_SLICE_SetInterruptNode
                0x1000a0fc       0x30 ./Libraries/XMCLib/src/xmc_ccu4.o
 .rodata.UART_BLUETOOTH_channel_config
                0x1000a12c        0xc ./Dave/Generated/UART/uart_conf.o
                0x1000a12c                UART_BLUETOOTH_channel_config
 .rodata.UART_BLUETOOTH_tx_pin_config
                0x1000a138        0x8 ./Dave/Generated/UART/uart_conf.o
                0x1000a138                UART_BLUETOOTH_tx_pin_config
 .rodata.UART_BLUETOOTH_tx_pin
                0x1000a140        0xc ./Dave/Generated/UART/uart_conf.o
                0x1000a140                UART_BLUETOOTH_tx_pin
 .rodata.UART_BLUETOOTH_config
                0x1000a14c       0x30 ./Dave/Generated/UART/uart_conf.o
                0x1000a14c                UART_BLUETOOTH_config
 .rodata.UART_BLUETOOTH_rx_pin_config
                0x1000a17c        0x8 ./Dave/Generated/UART/uart_conf.o
                0x1000a17c                UART_BLUETOOTH_rx_pin_config
 .rodata.TRIGGER_IN_compare_config
                0x1000a184        0x8 ./Dave/Generated/PWM/pwm_conf.o
                0x1000a184                TRIGGER_IN_compare_config
 .rodata.TRIGGER_IN_gpio_out_config
                0x1000a18c        0x8 ./Dave/Generated/PWM/pwm_conf.o
                0x1000a18c                TRIGGER_IN_gpio_out_config
 .rodata.TRIGGER_OUT_compare_config
                0x1000a194        0x8 ./Dave/Generated/PWM/pwm_conf.o
                0x1000a194                TRIGGER_OUT_compare_config
 .rodata.TRIGGER_OUT_gpio_out_config
                0x1000a19c        0x8 ./Dave/Generated/PWM/pwm_conf.o
                0x1000a19c                TRIGGER_OUT_gpio_out_config
 .rodata.INTERRUPT_ECHO_IN
                0x1000a1a4        0x4 ./Dave/Generated/INTERRUPT/interrupt_conf.o
                0x1000a1a4                INTERRUPT_ECHO_IN
 .rodata.INTERRUPT_ECHO_OUT
                0x1000a1a8        0x4 ./Dave/Generated/INTERRUPT/interrupt_conf.o
                0x1000a1a8                INTERRUPT_ECHO_OUT
 .rodata        0x1000a1ac       0x18 ./Dave/Generated/FREERTOS/tasks.o
 .rodata        0x1000a1c4       0x10 ./Dave/Generated/FREERTOS/timers.o
 .rodata.prvProcessReceivedCommands
                0x1000a1d4       0x28 ./Dave/Generated/FREERTOS/timers.o
 .rodata.ECHO_OUT
                0x1000a1fc       0x10 ./Dave/Generated/DIGITAL_IO/digital_io_conf.o
                0x1000a1fc                ECHO_OUT
 .rodata.ECHO_IN
                0x1000a20c       0x10 ./Dave/Generated/DIGITAL_IO/digital_io_conf.o
                0x1000a20c                ECHO_IN
 .rodata.GREEN_LED
                0x1000a21c       0x10 ./Dave/Generated/DIGITAL_IO/digital_io_conf.o
                0x1000a21c                GREEN_LED
 .rodata.RED_LED
                0x1000a22c       0x10 ./Dave/Generated/DIGITAL_IO/digital_io_conf.o
                0x1000a22c                RED_LED
 .rodata        0x1000a23c        0xc ./Dave/Generated/CLOCK_XMC1/clock_xmc1_conf.o
 .rodata        0x1000a248      0x118 ./main.o
 .rodata.str1.1
                0x1000a360        0x2 c:/infineon/tools/dave ide/4.5.0.202105191637/eclipse/arm-gcc-49/bin/../lib/gcc/arm-none-eabi/4.9.3/../../../../arm-none-eabi/lib/armv6-m\libg_nano.a(lib_a-impure.o)
 *fill*         0x1000a362        0x2 
 .rodata._global_impure_ptr
                0x1000a364        0x4 c:/infineon/tools/dave ide/4.5.0.202105191637/eclipse/arm-gcc-49/bin/../lib/gcc/arm-none-eabi/4.9.3/../../../../arm-none-eabi/lib/armv6-m\libg_nano.a(lib_a-impure.o)
                0x1000a364                _global_impure_ptr
 .rodata.str1.1
                0x1000a368       0x12 c:/infineon/tools/dave ide/4.5.0.202105191637/eclipse/arm-gcc-49/bin/../lib/gcc/arm-none-eabi/4.9.3/../../../../arm-none-eabi/lib/armv6-m\libg_nano.a(lib_a-nano-vfprintf_float.o)
 .rodata.str1.1
                0x1000a37a       0x22 c:/infineon/tools/dave ide/4.5.0.202105191637/eclipse/arm-gcc-49/bin/../lib/gcc/arm-none-eabi/4.9.3/../../../../arm-none-eabi/lib/armv6-m\libg_nano.a(lib_a-nano-vfprintf_i.o)
 .rodata.str1.1
                0x1000a39c        0xd c:/infineon/tools/dave ide/4.5.0.202105191637/eclipse/arm-gcc-49/bin/../lib/gcc/arm-none-eabi/4.9.3/../../../../arm-none-eabi/lib/armv6-m\libg_nano.a(lib_a-dtoa.o)
                                  0xf (size before relaxing)
 *fill*         0x1000a3a9        0x3 
 .rodata.__sf_fake_stdin
                0x1000a3ac       0x20 c:/infineon/tools/dave ide/4.5.0.202105191637/eclipse/arm-gcc-49/bin/../lib/gcc/arm-none-eabi/4.9.3/../../../../arm-none-eabi/lib/armv6-m\libg_nano.a(lib_a-findfp.o)
                0x1000a3ac                __sf_fake_stdin
 .rodata.__sf_fake_stdout
                0x1000a3cc       0x20 c:/infineon/tools/dave ide/4.5.0.202105191637/eclipse/arm-gcc-49/bin/../lib/gcc/arm-none-eabi/4.9.3/../../../../arm-none-eabi/lib/armv6-m\libg_nano.a(lib_a-findfp.o)
                0x1000a3cc                __sf_fake_stdout
 .rodata.__sf_fake_stderr
                0x1000a3ec       0x20 c:/infineon/tools/dave ide/4.5.0.202105191637/eclipse/arm-gcc-49/bin/../lib/gcc/arm-none-eabi/4.9.3/../../../../arm-none-eabi/lib/armv6-m\libg_nano.a(lib_a-findfp.o)
                0x1000a3ec                __sf_fake_stderr
 .rodata.str1.1
                0x1000a40c        0x8 c:/infineon/tools/dave ide/4.5.0.202105191637/eclipse/arm-gcc-49/bin/../lib/gcc/arm-none-eabi/4.9.3/../../../../arm-none-eabi/lib/armv6-m\libg_nano.a(lib_a-locale.o)
                                  0xb (size before relaxing)
 *fill*         0x1000a414        0x4 
 .rodata.__mprec_tens
                0x1000a418       0xc8 c:/infineon/tools/dave ide/4.5.0.202105191637/eclipse/arm-gcc-49/bin/../lib/gcc/arm-none-eabi/4.9.3/../../../../arm-none-eabi/lib/armv6-m\libg_nano.a(lib_a-mprec.o)
                0x1000a418                __mprec_tens
 .rodata.__mprec_bigtens
                0x1000a4e0       0x28 c:/infineon/tools/dave ide/4.5.0.202105191637/eclipse/arm-gcc-49/bin/../lib/gcc/arm-none-eabi/4.9.3/../../../../arm-none-eabi/lib/armv6-m\libg_nano.a(lib_a-mprec.o)
                0x1000a4e0                __mprec_bigtens
 .rodata.p05.5277
                0x1000a508        0xc c:/infineon/tools/dave ide/4.5.0.202105191637/eclipse/arm-gcc-49/bin/../lib/gcc/arm-none-eabi/4.9.3/../../../../arm-none-eabi/lib/armv6-m\libg_nano.a(lib_a-mprec.o)
 .rodata.str1.1
                0x1000a514       0x11 c:/infineon/tools/dave ide/4.5.0.202105191637/eclipse/arm-gcc-49/bin/../lib/gcc/arm-none-eabi/4.9.3/../../../../arm-none-eabi/lib/armv6-m\libg_nano.a(lib_a-nano-svfprintf.o)
 .rodata.str1.1
                0x00000000       0x11 c:/infineon/tools/dave ide/4.5.0.202105191637/eclipse/arm-gcc-49/bin/../lib/gcc/arm-none-eabi/4.9.3/../../../../arm-none-eabi/lib/armv6-m\libg_nano.a(lib_a-nano-vfprintf.o)
 *fill*         0x1000a525        0x3 
 .rodata        0x1000a528       0x40 c:/infineon/tools/dave ide/4.5.0.202105191637/eclipse/arm-gcc-49/bin/../lib/gcc/arm-none-eabi/4.9.3/armv6-m\libgcc.a(divdf3.o)
 .rodata        0x1000a568       0x40 c:/infineon/tools/dave ide/4.5.0.202105191637/eclipse/arm-gcc-49/bin/../lib/gcc/arm-none-eabi/4.9.3/armv6-m\libgcc.a(muldf3.o)
 .rodata.str1.1
                0x1000a5a8        0x4 c:/infineon/tools/dave ide/4.5.0.202105191637/eclipse/arm-gcc-49/bin/../lib/gcc/arm-none-eabi/4.9.3/../../../../arm-none-eabi/lib/armv6-m\librdimon_nano.a(rdimon-syscalls.o)
 *(.gnu.linkonce.r*)
 *(vtable)
                0x1000a5ac                . = ALIGN (0x4)

.glue_7         0x1000a5ac        0x0
 .glue_7        0x00000000        0x0 linker stubs

.glue_7t        0x1000a5ac        0x0
 .glue_7t       0x00000000        0x0 linker stubs

.vfp11_veneer   0x1000a5ac        0x0
 .vfp11_veneer  0x00000000        0x0 linker stubs

.v4_bx          0x1000a5ac        0x0
 .v4_bx         0x00000000        0x0 linker stubs

.iplt           0x1000a5ac        0x0
 .iplt          0x00000000        0x0 ./Startup/startup_XMC1100.o

.eh_frame_hdr
 *(.eh_frame_hdr)

.eh_frame       0x1000a5ac        0x0
 *(.eh_frame)
 .eh_frame      0x1000a5ac        0x0 c:/infineon/tools/dave ide/4.5.0.202105191637/eclipse/arm-gcc-49/bin/../lib/gcc/arm-none-eabi/4.9.3/../../../../arm-none-eabi/lib/armv6-m\libg_nano.a(lib_a-strcmp.o)
                                 0x28 (size before relaxing)

.ARM.extab
 *(.ARM.extab* .gnu.linkonce.armextab.*)
                0x1000a5ac                . = ALIGN (0x4)
                0x1000a5ac                __exidx_start = .

.ARM.exidx
 *(.ARM.exidx* .gnu.linkonce.armexidx.*)
                0x1000a5ac                __exidx_end = .
                0x1000a5ac                . = ALIGN (0x4)

.VENEER_Code    0x2000000c      0x110 load address 0x1000a5ac
                0x2000000c                . = ALIGN (0x4)
                0x2000000c                VeneerStart = .
 *(.XmcVeneerCode)
 .XmcVeneerCode
                0x2000000c      0x110 ./Startup/startup_XMC1100.o
                0x2000000c                HardFault_Veneer
                0x2000002c                SVC_Veneer
                0x20000038                PendSV_Veneer
                0x2000003c                SysTick_Veneer
                0x20000040                SCU_0_Veneer
                0x20000044                SCU_1_Veneer
                0x20000048                SCU_2_Veneer
                0x2000004c                SCU_3_Veneer
                0x20000050                SCU_4_Veneer
                0x20000054                SCU_5_Veneer
                0x20000058                SCU_6_Veneer
                0x20000064                USIC0_0_Veneer
                0x20000068                USIC0_1_Veneer
                0x2000006c                USIC0_2_Veneer
                0x20000070                USIC0_3_Veneer
                0x20000074                USIC0_4_Veneer
                0x20000078                USIC0_5_Veneer
                0x2000007c                VADC0_C0_0_Veneer
                0x20000080                VADC0_C0_1_Veneer
                0x20000094                CCU40_0_Veneer
                0x20000098                CCU40_1_Veneer
                0x2000009c                CCU40_2_Veneer
                0x200000a0                CCU40_3_Veneer
                0x2000011c                . = ALIGN (0x4)
                0x2000011c                VeneerEnd = .
                0x1000a5ac                eROData = LOADADDR (.VENEER_Code)
                0x00000110                VeneerSize = (ABSOLUTE (VeneerEnd) - ABSOLUTE (VeneerStart))

.rel.dyn        0x2000011c        0x0 load address 0x1000a6bc
 .rel.iplt      0x00000000        0x0 ./Startup/startup_XMC1100.o

Stack           0x2000011c      0x404 load address 0x00000000
                0x20000120                . = ALIGN (0x8)
 *fill*         0x2000011c        0x4 
                0x20000520                . = (. + stack_size)
 *fill*         0x20000120      0x400 
                0x20000520                __initial_sp = .

.data           0x20000520      0x180 load address 0x1000a6bc
                0x20000520                . = ALIGN (0x4)
                0x20000520                __data_start = .
 *(.data)
 *(.data*)
 .data.UART_BLUETOOTH
                0x20000520        0xc ./Dave/Generated/UART/uart_conf.o
                0x20000520                UART_BLUETOOTH
 .data.TIMER_ECHO_IN
                0x2000052c       0x28 ./Dave/Generated/TIMER/timer_conf.o
                0x2000052c                TIMER_ECHO_IN
 .data.TIMER_ECHO_OUT
                0x20000554       0x28 ./Dave/Generated/TIMER/timer_conf.o
                0x20000554                TIMER_ECHO_OUT
 .data.TRIGGER_IN
                0x2000057c       0x34 ./Dave/Generated/PWM/pwm_conf.o
                0x2000057c                TRIGGER_IN
 .data.TRIGGER_OUT
                0x200005b0       0x34 ./Dave/Generated/PWM/pwm_conf.o
                0x200005b0                TRIGGER_OUT
 .data.GLOBAL_CCU4_0
                0x200005e4       0x10 ./Dave/Generated/GLOBAL_CCU4/global_ccu4_conf.o
                0x200005e4                GLOBAL_CCU4_0
 .data.uxCriticalNesting
                0x200005f4        0x4 ./Dave/Generated/FREERTOS/portable/GCC/port.o
 .data.uxTopUsedPriority
                0x200005f8        0x4 ./Dave/Generated/FREERTOS/tasks.o
                0x200005f8                uxTopUsedPriority
 .data.last_distance_in
                0x200005fc        0x4 ./main.o
                0x200005fc                last_distance_in
 .data.last_distance_out
                0x20000600        0x4 ./main.o
                0x20000600                last_distance_out
 .data.impure_data
                0x20000604       0x60 c:/infineon/tools/dave ide/4.5.0.202105191637/eclipse/arm-gcc-49/bin/../lib/gcc/arm-none-eabi/4.9.3/../../../../arm-none-eabi/lib/armv6-m\libg_nano.a(lib_a-impure.o)
 .data._impure_ptr
                0x20000664        0x4 c:/infineon/tools/dave ide/4.5.0.202105191637/eclipse/arm-gcc-49/bin/../lib/gcc/arm-none-eabi/4.9.3/../../../../arm-none-eabi/lib/armv6-m\libg_nano.a(lib_a-impure.o)
                0x20000664                _impure_ptr
 .data.lconv    0x20000668       0x38 c:/infineon/tools/dave ide/4.5.0.202105191637/eclipse/arm-gcc-49/bin/../lib/gcc/arm-none-eabi/4.9.3/../../../../arm-none-eabi/lib/armv6-m\libg_nano.a(lib_a-locale.o)
 *(*.data)
 *(.gnu.linkonce.d*)
                0x200006a0                . = ALIGN (0x4)
                0x200006a0                PROVIDE (__preinit_array_start, .)
 *(.preinit_array)
                0x200006a0                PROVIDE (__preinit_array_end, .)
                0x200006a0                . = ALIGN (0x4)
                0x200006a0                PROVIDE (__init_array_start, .)
 *(SORT(.init_array.*))
 *(.init_array)
                0x200006a0                PROVIDE (__init_array_end, .)
                0x200006a0                . = ALIGN (0x4)
                0x200006a0                PROVIDE (__fini_array_start, .)
 *(SORT(.fini_array.*))
 *(.fini_array)
                0x200006a0                PROVIDE (__fini_array_end, .)
                0x200006a0                . = ALIGN (0x4)
                0x200006a0                __data_end = .
                0x1000a6bc                DataLoadAddr = LOADADDR (.data)
                0x00000180                __data_size = (__data_end - __data_start)

.igot.plt       0x200006a0        0x0 load address 0x1000a83c
 .igot.plt      0x00000000        0x0 ./Startup/startup_XMC1100.o

.ram_code       0x200006a0        0x0 load address 0x1000a83c
                0x200006a0                . = ALIGN (0x4)
                0x200006a0                __ram_code_start = .
 *(.ram_code)
                0x200006a0                . = ALIGN (0x4)
                0x200006a0                __ram_code_end = .
                0x1000a83c                __ram_code_load = LOADADDR (.ram_code)
                0x00000000                __ram_code_size = (__ram_code_end - __ram_code_start)
                0x0000983c                __text_size = ((((__exidx_end - sText) + VeneerSize) + __data_size) + __ram_code_size)
                0x1000a83c                eText = (sText + __text_size)

.bss            0x200006a0      0x290 load address 0x1000a83c
                0x200006a0                . = ALIGN (0x4)
                0x200006a0                __bss_start = .
 *(.bss)
 *(.bss*)
 .bss.IDIV.4795
                0x200006a0        0x4 ./Startup/system_XMC1100.o
 .bss.FDIV.4796
                0x200006a4        0x4 ./Startup/system_XMC1100.o
 .bss.heap_ptr.4331
                0x200006a8        0x4 ./Libraries/Newlib/syscalls.o
 .bss.UART_BLUETOOTH_runtime
                0x200006ac       0x1c ./Dave/Generated/UART/uart_conf.o
                0x200006ac                UART_BLUETOOTH_runtime
 .bss.TIMER_ECHO_IN_config
                0x200006c8        0x8 ./Dave/Generated/TIMER/timer_conf.o
                0x200006c8                TIMER_ECHO_IN_config
 .bss.TIMER_ECHO_OUT_config
                0x200006d0        0x8 ./Dave/Generated/TIMER/timer_conf.o
                0x200006d0                TIMER_ECHO_OUT_config
 .bss.pxCurrentTCB
                0x200006d8        0x4 ./Dave/Generated/FREERTOS/tasks.o
                0x200006d8                pxCurrentTCB
 .bss.pxReadyTasksLists
                0x200006dc       0x64 ./Dave/Generated/FREERTOS/tasks.o
 .bss.xDelayedTaskList1
                0x20000740       0x14 ./Dave/Generated/FREERTOS/tasks.o
 .bss.xDelayedTaskList2
                0x20000754       0x14 ./Dave/Generated/FREERTOS/tasks.o
 .bss.pxDelayedTaskList
                0x20000768        0x4 ./Dave/Generated/FREERTOS/tasks.o
 .bss.pxOverflowDelayedTaskList
                0x2000076c        0x4 ./Dave/Generated/FREERTOS/tasks.o
 .bss.xPendingReadyList
                0x20000770       0x14 ./Dave/Generated/FREERTOS/tasks.o
 .bss.xTasksWaitingTermination
                0x20000784       0x14 ./Dave/Generated/FREERTOS/tasks.o
 .bss.uxDeletedTasksWaitingCleanUp
                0x20000798        0x4 ./Dave/Generated/FREERTOS/tasks.o
 .bss.xSuspendedTaskList
                0x2000079c       0x14 ./Dave/Generated/FREERTOS/tasks.o
 .bss.uxCurrentNumberOfTasks
                0x200007b0        0x4 ./Dave/Generated/FREERTOS/tasks.o
 .bss.xTickCount
                0x200007b4        0x4 ./Dave/Generated/FREERTOS/tasks.o
 .bss.uxTopReadyPriority
                0x200007b8        0x4 ./Dave/Generated/FREERTOS/tasks.o
 .bss.xSchedulerRunning
                0x200007bc        0x4 ./Dave/Generated/FREERTOS/tasks.o
 .bss.xPendedTicks
                0x200007c0        0x4 ./Dave/Generated/FREERTOS/tasks.o
 .bss.xYieldPending
                0x200007c4        0x4 ./Dave/Generated/FREERTOS/tasks.o
 .bss.xNumOfOverflows
                0x200007c8        0x4 ./Dave/Generated/FREERTOS/tasks.o
 .bss.uxTaskNumber
                0x200007cc        0x4 ./Dave/Generated/FREERTOS/tasks.o
 .bss.xNextTaskUnblockTime
                0x200007d0        0x4 ./Dave/Generated/FREERTOS/tasks.o
 .bss.xIdleTaskHandle
                0x200007d4        0x4 ./Dave/Generated/FREERTOS/tasks.o
 .bss.uxSchedulerSuspended
                0x200007d8        0x4 ./Dave/Generated/FREERTOS/tasks.o
 .bss.xActiveTimerList1
                0x200007dc       0x14 ./Dave/Generated/FREERTOS/timers.o
 .bss.xActiveTimerList2
                0x200007f0       0x14 ./Dave/Generated/FREERTOS/timers.o
 .bss.pxCurrentTimerList
                0x20000804        0x4 ./Dave/Generated/FREERTOS/timers.o
 .bss.pxOverflowTimerList
                0x20000808        0x4 ./Dave/Generated/FREERTOS/timers.o
 .bss.xTimerQueue
                0x2000080c        0x4 ./Dave/Generated/FREERTOS/timers.o
 .bss.xTimerTaskHandle
                0x20000810        0x4 ./Dave/Generated/FREERTOS/timers.o
 .bss.xLastTime.6043
                0x20000814        0x4 ./Dave/Generated/FREERTOS/timers.o
 .bss.CLOCK_XMC1_0
                0x20000818        0x4 ./Dave/Generated/CLOCK_XMC1/clock_xmc1_conf.o
                0x20000818                CLOCK_XMC1_0
 .bss.parked_cars
                0x2000081c        0x1 ./main.o
                0x2000081c                parked_cars
 *fill*         0x2000081d        0x3 
 .bss.__malloc_sbrk_start
                0x20000820        0x4 c:/infineon/tools/dave ide/4.5.0.202105191637/eclipse/arm-gcc-49/bin/../lib/gcc/arm-none-eabi/4.9.3/../../../../arm-none-eabi/lib/armv6-m\libg_nano.a(lib_a-nano-mallocr.o)
                0x20000820                __malloc_sbrk_start
 .bss.__malloc_free_list
                0x20000824        0x4 c:/infineon/tools/dave ide/4.5.0.202105191637/eclipse/arm-gcc-49/bin/../lib/gcc/arm-none-eabi/4.9.3/../../../../arm-none-eabi/lib/armv6-m\libg_nano.a(lib_a-nano-mallocr.o)
                0x20000824                __malloc_free_list
 .bss.monitor_stdout
                0x20000828        0x4 c:/infineon/tools/dave ide/4.5.0.202105191637/eclipse/arm-gcc-49/bin/../lib/gcc/arm-none-eabi/4.9.3/../../../../arm-none-eabi/lib/armv6-m\librdimon_nano.a(rdimon-syscalls.o)
 .bss.monitor_stdin
                0x2000082c        0x4 c:/infineon/tools/dave ide/4.5.0.202105191637/eclipse/arm-gcc-49/bin/../lib/gcc/arm-none-eabi/4.9.3/../../../../arm-none-eabi/lib/armv6-m\librdimon_nano.a(rdimon-syscalls.o)
 .bss.monitor_stderr
                0x20000830        0x4 c:/infineon/tools/dave ide/4.5.0.202105191637/eclipse/arm-gcc-49/bin/../lib/gcc/arm-none-eabi/4.9.3/../../../../arm-none-eabi/lib/armv6-m\librdimon_nano.a(rdimon-syscalls.o)
 .bss.openfiles
                0x20000834       0xa0 c:/infineon/tools/dave ide/4.5.0.202105191637/eclipse/arm-gcc-49/bin/../lib/gcc/arm-none-eabi/4.9.3/../../../../arm-none-eabi/lib/armv6-m\librdimon_nano.a(rdimon-syscalls.o)
 *(COMMON)
 COMMON         0x200008d4       0x40 ./Dave/Generated/FREERTOS/queue.o
                0x200008d4                xQueueRegistry
 COMMON         0x20000914       0x14 ./main.o
                0x20000914                xSemaphore
                0x20000918                echo_out_counter
                0x2000091c                echo_in_counter
                0x20000920                xQueue
                0x20000924                task_timer_counter
 COMMON         0x20000928        0x4 c:/infineon/tools/dave ide/4.5.0.202105191637/eclipse/arm-gcc-49/bin/../lib/gcc/arm-none-eabi/4.9.3/../../../../arm-none-eabi/lib/armv6-m\libg_nano.a(lib_a-reent.o)
                0x20000928                errno
 *(.gnu.linkonce.b*)
                0x2000092c                . = ALIGN (0x4)
                0x2000092c                __bss_end = .
                0x20000930                . = ALIGN (0x8)
 *fill*         0x2000092c        0x4 
                0x20000930                Heap_Bank1_Start = .
                0x0000028c                __bss_size = (__bss_end - __bss_start)

.no_init        0x20003ffc        0x4 load address 0x00003ee0
                0x20003ffc                Heap_Bank1_End = .
 *(.no_init)
 .no_init       0x20003ffc        0x4 ./Startup/system_XMC1100.o
                0x20003ffc                SystemCoreClock
                0x000036cc                Heap_Bank1_Size = (Heap_Bank1_End - Heap_Bank1_Start)
                0x00000001                ASSERT ((Heap_Bank1_Start <= Heap_Bank1_End), region SRAM overflowed no_init section)

/DISCARD/
 *(.comment)

.stab
 *(.stab)

.stabstr
 *(.stabstr)

.debug
 *(.debug)

.line
 *(.line)

.debug_srcinfo
 *(.debug_srcinfo)

.debug_sfnames
 *(.debug_sfnames)

.debug_aranges  0x00000000      0xf40
 *(.debug_aranges)
 .debug_aranges
                0x00000000       0x28 ./Startup/startup_XMC1100.o
 .debug_aranges
                0x00000028       0x38 ./Startup/system_XMC1100.o
 .debug_aranges
                0x00000060       0x28 ./Libraries/XMCLib/src/xmc1_gpio.o
 .debug_aranges
                0x00000088      0x128 ./Libraries/XMCLib/src/xmc1_scu.o
 .debug_aranges
                0x000001b0      0x128 ./Libraries/XMCLib/src/xmc_ccu4.o
 .debug_aranges
                0x000002d8       0x28 ./Libraries/XMCLib/src/xmc_gpio.o
 .debug_aranges
                0x00000300       0x78 ./Libraries/XMCLib/src/xmc_uart.o
 .debug_aranges
                0x00000378       0xb8 ./Libraries/XMCLib/src/xmc_usic.o
 .debug_aranges
                0x00000430       0x28 ./Libraries/Newlib/syscalls.o
 .debug_aranges
                0x00000458       0xf8 ./Dave/Generated/UART/uart.o
 .debug_aranges
                0x00000550       0x58 ./Dave/Generated/UART/uart_conf.o
 .debug_aranges
                0x000005a8       0xd8 ./Dave/Generated/TIMER/timer.o
 .debug_aranges
                0x00000680       0x18 ./Dave/Generated/TIMER/timer_conf.o
 .debug_aranges
                0x00000698      0x110 ./Dave/Generated/PWM/pwm.o
 .debug_aranges
                0x000007a8       0x18 ./Dave/Generated/PWM/pwm_conf.o
 .debug_aranges
                0x000007c0       0x40 ./Dave/Generated/INTERRUPT/interrupt.o
 .debug_aranges
                0x00000800       0x18 ./Dave/Generated/INTERRUPT/interrupt_conf.o
 .debug_aranges
                0x00000818       0x30 ./Dave/Generated/GLOBAL_CCU4/global_ccu4.o
 .debug_aranges
                0x00000848       0x18 ./Dave/Generated/GLOBAL_CCU4/global_ccu4_conf.o
 .debug_aranges
                0x00000860       0x88 ./Dave/Generated/FREERTOS/portable/GCC/port.o
 .debug_aranges
                0x000008e8       0x28 ./Dave/Generated/FREERTOS/heap.o
 .debug_aranges
                0x00000910       0x40 ./Dave/Generated/FREERTOS/list.o
 .debug_aranges
                0x00000950      0x170 ./Dave/Generated/FREERTOS/queue.o
 .debug_aranges
                0x00000ac0      0x240 ./Dave/Generated/FREERTOS/tasks.o
 .debug_aranges
                0x00000d00       0xe8 ./Dave/Generated/FREERTOS/timers.o
 .debug_aranges
                0x00000de8       0x28 ./Dave/Generated/DIGITAL_IO/digital_io.o
 .debug_aranges
                0x00000e10       0x18 ./Dave/Generated/DIGITAL_IO/digital_io_conf.o
 .debug_aranges
                0x00000e28       0x20 ./Dave/Generated/CPU_CTRL_XMC1/cpu_ctrl_xmc1_conf.o
 .debug_aranges
                0x00000e48       0x30 ./Dave/Generated/CLOCK_XMC1/clock_xmc1.o
 .debug_aranges
                0x00000e78       0x20 ./Dave/Generated/CLOCK_XMC1/clock_xmc1_conf.o
 .debug_aranges
                0x00000e98       0x20 ./Dave/Generated/DAVE.o
 .debug_aranges
                0x00000eb8       0x88 ./main.o

.debug_pubnames
 *(.debug_pubnames)

.debug_pubtypes
 *(.debug_pubtypes)

.debug_info     0x00000000    0x13dc8
 *(.debug_info .gnu.linkonce.wi.*)
 .debug_info    0x00000000       0xca ./Startup/startup_XMC1100.o
 .debug_info    0x000000ca      0x444 ./Startup/system_XMC1100.o
 .debug_info    0x0000050e      0x4c9 ./Libraries/XMCLib/src/xmc1_gpio.o
 .debug_info    0x000009d7      0xdb5 ./Libraries/XMCLib/src/xmc1_scu.o
 .debug_info    0x0000178c     0x1556 ./Libraries/XMCLib/src/xmc_ccu4.o
 .debug_info    0x00002ce2      0x45c ./Libraries/XMCLib/src/xmc_gpio.o
 .debug_info    0x0000313e      0x9a9 ./Libraries/XMCLib/src/xmc_uart.o
 .debug_info    0x00003ae7      0xddb ./Libraries/XMCLib/src/xmc_usic.o
 .debug_info    0x000048c2      0x11f ./Libraries/Newlib/syscalls.o
 .debug_info    0x000049e1     0x158d ./Dave/Generated/UART/uart.o
 .debug_info    0x00005f6e     0x1089 ./Dave/Generated/UART/uart_conf.o
 .debug_info    0x00006ff7      0xdf8 ./Dave/Generated/TIMER/timer.o
 .debug_info    0x00007def      0x8c5 ./Dave/Generated/TIMER/timer_conf.o
 .debug_info    0x000086b4     0x1447 ./Dave/Generated/PWM/pwm.o
 .debug_info    0x00009afb      0xc5d ./Dave/Generated/PWM/pwm_conf.o
 .debug_info    0x0000a758      0x59f ./Dave/Generated/INTERRUPT/interrupt.o
 .debug_info    0x0000acf7      0x282 ./Dave/Generated/INTERRUPT/interrupt_conf.o
 .debug_info    0x0000af79      0x3f3 ./Dave/Generated/GLOBAL_CCU4/global_ccu4.o
 .debug_info    0x0000b36c      0x2f3 ./Dave/Generated/GLOBAL_CCU4/global_ccu4_conf.o
 .debug_info    0x0000b65f      0x36b ./Dave/Generated/FREERTOS/portable/GCC/port.o
 .debug_info    0x0000b9ca      0x1bd ./Dave/Generated/FREERTOS/heap.o
 .debug_info    0x0000bb87      0x398 ./Dave/Generated/FREERTOS/list.o
 .debug_info    0x0000bf1f     0x147a ./Dave/Generated/FREERTOS/queue.o
 .debug_info    0x0000d399     0x1e0e ./Dave/Generated/FREERTOS/tasks.o
 .debug_info    0x0000f1a7      0xd4a ./Dave/Generated/FREERTOS/timers.o
 .debug_info    0x0000fef1      0x57e ./Dave/Generated/DIGITAL_IO/digital_io.o
 .debug_info    0x0001046f      0x4ef ./Dave/Generated/DIGITAL_IO/digital_io_conf.o
 .debug_info    0x0001095e      0x1a2 ./Dave/Generated/CPU_CTRL_XMC1/cpu_ctrl_xmc1_conf.o
 .debug_info    0x00010b00      0x2d2 ./Dave/Generated/CLOCK_XMC1/clock_xmc1.o
 .debug_info    0x00010dd2      0x29a ./Dave/Generated/CLOCK_XMC1/clock_xmc1_conf.o
 .debug_info    0x0001106c     0x15fa ./Dave/Generated/DAVE.o
 .debug_info    0x00012666     0x1762 ./main.o

.debug_abbrev   0x00000000     0x329b
 *(.debug_abbrev)
 .debug_abbrev  0x00000000       0x12 ./Startup/startup_XMC1100.o
 .debug_abbrev  0x00000012      0x14b ./Startup/system_XMC1100.o
 .debug_abbrev  0x0000015d      0x108 ./Libraries/XMCLib/src/xmc1_gpio.o
 .debug_abbrev  0x00000265      0x253 ./Libraries/XMCLib/src/xmc1_scu.o
 .debug_abbrev  0x000004b8      0x221 ./Libraries/XMCLib/src/xmc_ccu4.o
 .debug_abbrev  0x000006d9      0x108 ./Libraries/XMCLib/src/xmc_gpio.o
 .debug_abbrev  0x000007e1      0x214 ./Libraries/XMCLib/src/xmc_uart.o
 .debug_abbrev  0x000009f5      0x23b ./Libraries/XMCLib/src/xmc_usic.o
 .debug_abbrev  0x00000c30       0xbd ./Libraries/Newlib/syscalls.o
 .debug_abbrev  0x00000ced      0x26d ./Dave/Generated/UART/uart.o
 .debug_abbrev  0x00000f5a      0x220 ./Dave/Generated/UART/uart_conf.o
 .debug_abbrev  0x0000117a      0x241 ./Dave/Generated/TIMER/timer.o
 .debug_abbrev  0x000013bb      0x170 ./Dave/Generated/TIMER/timer_conf.o
 .debug_abbrev  0x0000152b      0x282 ./Dave/Generated/PWM/pwm.o
 .debug_abbrev  0x000017ad      0x197 ./Dave/Generated/PWM/pwm_conf.o
 .debug_abbrev  0x00001944      0x1b7 ./Dave/Generated/INTERRUPT/interrupt.o
 .debug_abbrev  0x00001afb       0xc0 ./Dave/Generated/INTERRUPT/interrupt_conf.o
 .debug_abbrev  0x00001bbb      0x185 ./Dave/Generated/GLOBAL_CCU4/global_ccu4.o
 .debug_abbrev  0x00001d40      0x104 ./Dave/Generated/GLOBAL_CCU4/global_ccu4_conf.o
 .debug_abbrev  0x00001e44      0x1fc ./Dave/Generated/FREERTOS/portable/GCC/port.o
 .debug_abbrev  0x00002040       0xfa ./Dave/Generated/FREERTOS/heap.o
 .debug_abbrev  0x0000213a      0x101 ./Dave/Generated/FREERTOS/list.o
 .debug_abbrev  0x0000223b      0x1f1 ./Dave/Generated/FREERTOS/queue.o
 .debug_abbrev  0x0000242c      0x26b ./Dave/Generated/FREERTOS/tasks.o
 .debug_abbrev  0x00002697      0x21a ./Dave/Generated/FREERTOS/timers.o
 .debug_abbrev  0x000028b1      0x126 ./Dave/Generated/DIGITAL_IO/digital_io.o
 .debug_abbrev  0x000029d7       0xdb ./Dave/Generated/DIGITAL_IO/digital_io_conf.o
 .debug_abbrev  0x00002ab2       0xc8 ./Dave/Generated/CPU_CTRL_XMC1/cpu_ctrl_xmc1_conf.o
 .debug_abbrev  0x00002b7a      0x10b ./Dave/Generated/CLOCK_XMC1/clock_xmc1.o
 .debug_abbrev  0x00002c85      0x12b ./Dave/Generated/CLOCK_XMC1/clock_xmc1_conf.o
 .debug_abbrev  0x00002db0      0x1e3 ./Dave/Generated/DAVE.o
 .debug_abbrev  0x00002f93      0x308 ./main.o

.debug_line     0x00000000     0x9cbf
 *(.debug_line)
 .debug_line    0x00000000       0xe5 ./Startup/startup_XMC1100.o
 .debug_line    0x000000e5      0x2d5 ./Startup/system_XMC1100.o
 .debug_line    0x000003ba      0x2ad ./Libraries/XMCLib/src/xmc1_gpio.o
 .debug_line    0x00000667      0x66c ./Libraries/XMCLib/src/xmc1_scu.o
 .debug_line    0x00000cd3      0x6c8 ./Libraries/XMCLib/src/xmc_ccu4.o
 .debug_line    0x0000139b      0x2a0 ./Libraries/XMCLib/src/xmc_gpio.o
 .debug_line    0x0000163b      0x47a ./Libraries/XMCLib/src/xmc_uart.o
 .debug_line    0x00001ab5      0x5db ./Libraries/XMCLib/src/xmc_usic.o
 .debug_line    0x00002090       0xd0 ./Libraries/Newlib/syscalls.o
 .debug_line    0x00002160      0x6da ./Dave/Generated/UART/uart.o
 .debug_line    0x0000283a      0x43b ./Dave/Generated/UART/uart_conf.o
 .debug_line    0x00002c75      0x6d6 ./Dave/Generated/TIMER/timer.o
 .debug_line    0x0000334b      0x41f ./Dave/Generated/TIMER/timer_conf.o
 .debug_line    0x0000376a      0x7eb ./Dave/Generated/PWM/pwm.o
 .debug_line    0x00003f55      0x436 ./Dave/Generated/PWM/pwm_conf.o
 .debug_line    0x0000438b      0x3bc ./Dave/Generated/INTERRUPT/interrupt.o
 .debug_line    0x00004747      0x29c ./Dave/Generated/INTERRUPT/interrupt_conf.o
 .debug_line    0x000049e3      0x44a ./Dave/Generated/GLOBAL_CCU4/global_ccu4.o
 .debug_line    0x00004e2d      0x36a ./Dave/Generated/GLOBAL_CCU4/global_ccu4_conf.o
 .debug_line    0x00005197      0x532 ./Dave/Generated/FREERTOS/portable/GCC/port.o
 .debug_line    0x000056c9      0x260 ./Dave/Generated/FREERTOS/heap.o
 .debug_line    0x00005929      0x308 ./Dave/Generated/FREERTOS/list.o
 .debug_line    0x00005c31      0xbff ./Dave/Generated/FREERTOS/queue.o
 .debug_line    0x00006830     0x1065 ./Dave/Generated/FREERTOS/tasks.o
 .debug_line    0x00007895      0x61e ./Dave/Generated/FREERTOS/timers.o
 .debug_line    0x00007eb3      0x35c ./Dave/Generated/DIGITAL_IO/digital_io.o
 .debug_line    0x0000820f      0x294 ./Dave/Generated/DIGITAL_IO/digital_io_conf.o
 .debug_line    0x000084a3      0x1f9 ./Dave/Generated/CPU_CTRL_XMC1/cpu_ctrl_xmc1_conf.o
 .debug_line    0x0000869c      0x38a ./Dave/Generated/CLOCK_XMC1/clock_xmc1.o
 .debug_line    0x00008a26      0x361 ./Dave/Generated/CLOCK_XMC1/clock_xmc1_conf.o
 .debug_line    0x00008d87      0x53c ./Dave/Generated/DAVE.o
 .debug_line    0x000092c3      0x9fc ./main.o

.debug_frame    0x00000000     0x4448
 *(.debug_frame)
 .debug_frame   0x00000000       0x80 ./Startup/system_XMC1100.o
 .debug_frame   0x00000080       0x58 ./Libraries/XMCLib/src/xmc1_gpio.o
 .debug_frame   0x000000d8      0x42c ./Libraries/XMCLib/src/xmc1_scu.o
 .debug_frame   0x00000504      0x458 ./Libraries/XMCLib/src/xmc_ccu4.o
 .debug_frame   0x0000095c       0x54 ./Libraries/XMCLib/src/xmc_gpio.o
 .debug_frame   0x000009b0      0x194 ./Libraries/XMCLib/src/xmc_uart.o
 .debug_frame   0x00000b44      0x29c ./Libraries/XMCLib/src/xmc_usic.o
 .debug_frame   0x00000de0       0x4c ./Libraries/Newlib/syscalls.o
 .debug_frame   0x00000e2c      0x3a4 ./Dave/Generated/UART/uart.o
 .debug_frame   0x000011d0      0x110 ./Dave/Generated/UART/uart_conf.o
 .debug_frame   0x000012e0      0x330 ./Dave/Generated/TIMER/timer.o
 .debug_frame   0x00001610      0x40c ./Dave/Generated/PWM/pwm.o
 .debug_frame   0x00001a1c       0xb8 ./Dave/Generated/INTERRUPT/interrupt.o
 .debug_frame   0x00001ad4       0x70 ./Dave/Generated/GLOBAL_CCU4/global_ccu4.o
 .debug_frame   0x00001b44      0x17c ./Dave/Generated/FREERTOS/portable/GCC/port.o
 .debug_frame   0x00001cc0       0x50 ./Dave/Generated/FREERTOS/heap.o
 .debug_frame   0x00001d10       0xb0 ./Dave/Generated/FREERTOS/list.o
 .debug_frame   0x00001dc0      0x57c ./Dave/Generated/FREERTOS/queue.o
 .debug_frame   0x0000233c      0x8a0 ./Dave/Generated/FREERTOS/tasks.o
 .debug_frame   0x00002bdc      0x34c ./Dave/Generated/FREERTOS/timers.o
 .debug_frame   0x00002f28       0x50 ./Dave/Generated/DIGITAL_IO/digital_io.o
 .debug_frame   0x00002f78       0x2c ./Dave/Generated/CPU_CTRL_XMC1/cpu_ctrl_xmc1_conf.o
 .debug_frame   0x00002fa4       0x70 ./Dave/Generated/CLOCK_XMC1/clock_xmc1.o
 .debug_frame   0x00003014       0x34 ./Dave/Generated/CLOCK_XMC1/clock_xmc1_conf.o
 .debug_frame   0x00003048       0x34 ./Dave/Generated/DAVE.o
 .debug_frame   0x0000307c      0x1cc ./main.o
 .debug_frame   0x00003248       0x20 c:/infineon/tools/dave ide/4.5.0.202105191637/eclipse/arm-gcc-49/bin/../lib/gcc/arm-none-eabi/4.9.3/armv6-m\libgcc.a(_udivsi3.o)
 .debug_frame   0x00003268       0x20 c:/infineon/tools/dave ide/4.5.0.202105191637/eclipse/arm-gcc-49/bin/../lib/gcc/arm-none-eabi/4.9.3/armv6-m\libgcc.a(_divsi3.o)
 .debug_frame   0x00003288       0x20 c:/infineon/tools/dave ide/4.5.0.202105191637/eclipse/arm-gcc-49/bin/../lib/gcc/arm-none-eabi/4.9.3/../../../../arm-none-eabi/lib/armv6-m\libg_nano.a(lib_a-errno.o)
 .debug_frame   0x000032a8       0x40 c:/infineon/tools/dave ide/4.5.0.202105191637/eclipse/arm-gcc-49/bin/../lib/gcc/arm-none-eabi/4.9.3/../../../../arm-none-eabi/lib/armv6-m\libg_nano.a(lib_a-malloc.o)
 .debug_frame   0x000032e8       0x28 c:/infineon/tools/dave ide/4.5.0.202105191637/eclipse/arm-gcc-49/bin/../lib/gcc/arm-none-eabi/4.9.3/../../../../arm-none-eabi/lib/armv6-m\libg_nano.a(lib_a-memcpy.o)
 .debug_frame   0x00003310       0x20 c:/infineon/tools/dave ide/4.5.0.202105191637/eclipse/arm-gcc-49/bin/../lib/gcc/arm-none-eabi/4.9.3/../../../../arm-none-eabi/lib/armv6-m\libg_nano.a(lib_a-memset.o)
 .debug_frame   0x00003330       0x2c c:/infineon/tools/dave ide/4.5.0.202105191637/eclipse/arm-gcc-49/bin/../lib/gcc/arm-none-eabi/4.9.3/../../../../arm-none-eabi/lib/armv6-m\libg_nano.a(lib_a-nano-freer.o)
 .debug_frame   0x0000335c       0x2c c:/infineon/tools/dave ide/4.5.0.202105191637/eclipse/arm-gcc-49/bin/../lib/gcc/arm-none-eabi/4.9.3/../../../../arm-none-eabi/lib/armv6-m\libg_nano.a(lib_a-nano-mallocr.o)
 .debug_frame   0x00003388       0x74 c:/infineon/tools/dave ide/4.5.0.202105191637/eclipse/arm-gcc-49/bin/../lib/gcc/arm-none-eabi/4.9.3/../../../../arm-none-eabi/lib/armv6-m\libg_nano.a(lib_a-nano-vfprintf_float.o)
 .debug_frame   0x000033fc       0x54 c:/infineon/tools/dave ide/4.5.0.202105191637/eclipse/arm-gcc-49/bin/../lib/gcc/arm-none-eabi/4.9.3/../../../../arm-none-eabi/lib/armv6-m\libg_nano.a(lib_a-nano-vfprintf_i.o)
 .debug_frame   0x00003450       0x50 c:/infineon/tools/dave ide/4.5.0.202105191637/eclipse/arm-gcc-49/bin/../lib/gcc/arm-none-eabi/4.9.3/../../../../arm-none-eabi/lib/armv6-m\libg_nano.a(lib_a-printf.o)
 .debug_frame   0x000034a0       0x44 c:/infineon/tools/dave ide/4.5.0.202105191637/eclipse/arm-gcc-49/bin/../lib/gcc/arm-none-eabi/4.9.3/../../../../arm-none-eabi/lib/armv6-m\libg_nano.a(lib_a-puts.o)
 .debug_frame   0x000034e4       0x2c c:/infineon/tools/dave ide/4.5.0.202105191637/eclipse/arm-gcc-49/bin/../lib/gcc/arm-none-eabi/4.9.3/../../../../arm-none-eabi/lib/armv6-m\libg_nano.a(lib_a-s_fpclassify.o)
 .debug_frame   0x00003510       0x2c c:/infineon/tools/dave ide/4.5.0.202105191637/eclipse/arm-gcc-49/bin/../lib/gcc/arm-none-eabi/4.9.3/../../../../arm-none-eabi/lib/armv6-m\libg_nano.a(lib_a-sbrkr.o)
 .debug_frame   0x0000353c       0x50 c:/infineon/tools/dave ide/4.5.0.202105191637/eclipse/arm-gcc-49/bin/../lib/gcc/arm-none-eabi/4.9.3/../../../../arm-none-eabi/lib/armv6-m\libg_nano.a(lib_a-sprintf.o)
 .debug_frame   0x0000358c       0x20 c:/infineon/tools/dave ide/4.5.0.202105191637/eclipse/arm-gcc-49/bin/../lib/gcc/arm-none-eabi/4.9.3/../../../../arm-none-eabi/lib/armv6-m\libg_nano.a(lib_a-strlen.o)
 .debug_frame   0x000035ac       0x44 c:/infineon/tools/dave ide/4.5.0.202105191637/eclipse/arm-gcc-49/bin/../lib/gcc/arm-none-eabi/4.9.3/../../../../arm-none-eabi/lib/armv6-m\libg_nano.a(lib_a-wbuf.o)