23:52:54 **** Incremental Build of configuration Debug for project Intelligent-parking-system-backup ****
"\"C:\\Infineon\\Tools\\DAVE IDE\\4.5.0.202105191637\\eclipse\\ARM-GCC-49\\bin\\make\"" --output-sync -j12 all 
'Invoking: ARM-GCC Print Size'
"C:/Infineon/Tools/DAVE IDE/4.5.0.202105191637/eclipse/ARM-GCC-49/bin/arm-none-eabi-size" --format=berkeley "Intelligent-parking-system-backup.elf"
   text	   data	    bss	    dec	    hex	filename
  38588	    384	   1688	  40660	   9ed4	Intelligent-parking-system-backup.elf
'Finished building: Intelligent-parking-system-backup.siz'


23:52:55 Build Finished (took 985ms)

